<?xml version="1.0" encoding="ISO-8859-1" ?>
<link_info>
   <banner>TI ARM Linker PC v18.1.1.LTS</banner>
   <copyright>Copyright (c) 1996-2017 Texas Instruments Incorporated</copyright>
   <link_time>0x5af8c973</link_time>
   <link_errors>0x0</link_errors>
   <output_file>motor.out</output_file>
   <entry_point>
      <name>_c_int00_noargs</name>
      <address>0x28b5</address>
   </entry_point>
   <input_file_list>
      <input_file id="fl-2">
         <path>.\</path>
         <kind>object</kind>
         <file>drvm.obj</file>
         <name>drvm.obj</name>
      </input_file>
      <input_file id="fl-3">
         <path>.\</path>
         <kind>object</kind>
         <file>startup_ccs.obj</file>
         <name>startup_ccs.obj</name>
      </input_file>
      <input_file id="fl-4">
         <path>.\</path>
         <kind>object</kind>
         <file>sysctl.obj</file>
         <name>sysctl.obj</name>
      </input_file>
      <input_file id="fl-5">
         <path>.\</path>
         <kind>object</kind>
         <file>uartstdio.obj</file>
         <name>uartstdio.obj</name>
      </input_file>
      <input_file id="fl-a">
         <kind>object</kind>
         <file>&lt;internal&gt;</file>
         <name>&lt;internal&gt;</name>
      </input_file>
      <input_file id="fl-c0">
         <path>C:\ti\ccsv8\tools\compiler\ti-cgt-arm_18.1.1.LTS\lib\</path>
         <kind>archive</kind>
         <file>rtsv7M4_T_le_v4SPD16_eabi.lib</file>
         <name>u_divt2.asm.obj</name>
      </input_file>
      <input_file id="fl-c1">
         <path>C:\ti\ccsv8\tools\compiler\ti-cgt-arm_18.1.1.LTS\lib\</path>
         <kind>archive</kind>
         <file>rtsv7M4_T_le_v4SPD16_eabi.lib</file>
         <name>copy_zero_init.c.obj</name>
      </input_file>
      <input_file id="fl-c2">
         <path>C:\ti\ccsv8\tools\compiler\ti-cgt-arm_18.1.1.LTS\lib\</path>
         <kind>archive</kind>
         <file>rtsv7M4_T_le_v4SPD16_eabi.lib</file>
         <name>copy_decompress_none.c.obj</name>
      </input_file>
      <input_file id="fl-c3">
         <path>C:\ti\ccsv8\tools\compiler\ti-cgt-arm_18.1.1.LTS\lib\</path>
         <kind>archive</kind>
         <file>rtsv7M4_T_le_v4SPD16_eabi.lib</file>
         <name>copy_decompress_lzss.c.obj</name>
      </input_file>
      <input_file id="fl-c4">
         <path>C:\ti\ccsv8\tools\compiler\ti-cgt-arm_18.1.1.LTS\lib\</path>
         <kind>archive</kind>
         <file>rtsv7M4_T_le_v4SPD16_eabi.lib</file>
         <name>boot_cortex_m.c.obj</name>
      </input_file>
      <input_file id="fl-c5">
         <path>C:\ti\ccsv8\tools\compiler\ti-cgt-arm_18.1.1.LTS\lib\</path>
         <kind>archive</kind>
         <file>rtsv7M4_T_le_v4SPD16_eabi.lib</file>
         <name>exit.c.obj</name>
      </input_file>
      <input_file id="fl-c6">
         <path>C:\ti\ccsv8\tools\compiler\ti-cgt-arm_18.1.1.LTS\lib\</path>
         <kind>archive</kind>
         <file>rtsv7M4_T_le_v4SPD16_eabi.lib</file>
         <name>_lock.c.obj</name>
      </input_file>
      <input_file id="fl-c7">
         <path>C:\ti\ccsv8\tools\compiler\ti-cgt-arm_18.1.1.LTS\lib\</path>
         <kind>archive</kind>
         <file>rtsv7M4_T_le_v4SPD16_eabi.lib</file>
         <name>args_main.c.obj</name>
      </input_file>
      <input_file id="fl-c8">
         <path>C:\ti\ccsv8\tools\compiler\ti-cgt-arm_18.1.1.LTS\lib\</path>
         <kind>archive</kind>
         <file>rtsv7M4_T_le_v4SPD16_eabi.lib</file>
         <name>div0.asm.obj</name>
      </input_file>
      <input_file id="fl-c9">
         <path>C:\ti\ccsv8\tools\compiler\ti-cgt-arm_18.1.1.LTS\lib\</path>
         <kind>archive</kind>
         <file>rtsv7M4_T_le_v4SPD16_eabi.lib</file>
         <name>memcpy_t2.asm.obj</name>
      </input_file>
      <input_file id="fl-ca">
         <path>C:\ti\ccsv8\tools\compiler\ti-cgt-arm_18.1.1.LTS\lib\</path>
         <kind>archive</kind>
         <file>rtsv7M4_T_le_v4SPD16_eabi.lib</file>
         <name>memset_t2.asm.obj</name>
      </input_file>
      <input_file id="fl-cb">
         <path>C:\ti\ccsv8\tools\compiler\ti-cgt-arm_18.1.1.LTS\lib\</path>
         <kind>archive</kind>
         <file>rtsv7M4_T_le_v4SPD16_eabi.lib</file>
         <name>autoinit.c.obj</name>
      </input_file>
      <input_file id="fl-cc">
         <path>C:\ti\ccsv8\tools\compiler\ti-cgt-arm_18.1.1.LTS\lib\</path>
         <kind>archive</kind>
         <file>rtsv7M4_T_le_v4SPD16_eabi.lib</file>
         <name>pre_init.c.obj</name>
      </input_file>
      <input_file id="fl-cd">
         <path>C:\ti\ccsv8\tools\compiler\ti-cgt-arm_18.1.1.LTS\lib\</path>
         <kind>archive</kind>
         <file>rtsv7M4_T_le_v4SPD16_eabi.lib</file>
         <name>cpy_tbl.c.obj</name>
      </input_file>
      <input_file id="fl-ce">
         <path>c:\ti\TivaWare_C_Series-2.1.4.178\driverlib\ccs\Debug\</path>
         <kind>archive</kind>
         <file>driverlib.lib</file>
         <name>adc.obj</name>
      </input_file>
      <input_file id="fl-cf">
         <path>c:\ti\TivaWare_C_Series-2.1.4.178\driverlib\ccs\Debug\</path>
         <kind>archive</kind>
         <file>driverlib.lib</file>
         <name>can.obj</name>
      </input_file>
      <input_file id="fl-d0">
         <path>c:\ti\TivaWare_C_Series-2.1.4.178\driverlib\ccs\Debug\</path>
         <kind>archive</kind>
         <file>driverlib.lib</file>
         <name>cpu.obj</name>
      </input_file>
      <input_file id="fl-d1">
         <path>c:\ti\TivaWare_C_Series-2.1.4.178\driverlib\ccs\Debug\</path>
         <kind>archive</kind>
         <file>driverlib.lib</file>
         <name>gpio.obj</name>
      </input_file>
      <input_file id="fl-d2">
         <path>c:\ti\TivaWare_C_Series-2.1.4.178\driverlib\ccs\Debug\</path>
         <kind>archive</kind>
         <file>driverlib.lib</file>
         <name>i2c.obj</name>
      </input_file>
      <input_file id="fl-d3">
         <path>c:\ti\TivaWare_C_Series-2.1.4.178\driverlib\ccs\Debug\</path>
         <kind>archive</kind>
         <file>driverlib.lib</file>
         <name>interrupt.obj</name>
      </input_file>
      <input_file id="fl-d4">
         <path>c:\ti\TivaWare_C_Series-2.1.4.178\driverlib\ccs\Debug\</path>
         <kind>archive</kind>
         <file>driverlib.lib</file>
         <name>pwm.obj</name>
      </input_file>
      <input_file id="fl-d5">
         <path>c:\ti\TivaWare_C_Series-2.1.4.178\driverlib\ccs\Debug\</path>
         <kind>archive</kind>
         <file>driverlib.lib</file>
         <name>qei.obj</name>
      </input_file>
      <input_file id="fl-d6">
         <path>c:\ti\TivaWare_C_Series-2.1.4.178\driverlib\ccs\Debug\</path>
         <kind>archive</kind>
         <file>driverlib.lib</file>
         <name>systick.obj</name>
      </input_file>
      <input_file id="fl-d7">
         <path>c:\ti\TivaWare_C_Series-2.1.4.178\driverlib\ccs\Debug\</path>
         <kind>archive</kind>
         <file>driverlib.lib</file>
         <name>timer.obj</name>
      </input_file>
      <input_file id="fl-d8">
         <path>c:\ti\TivaWare_C_Series-2.1.4.178\driverlib\ccs\Debug\</path>
         <kind>archive</kind>
         <file>driverlib.lib</file>
         <name>uart.obj</name>
      </input_file>
   </input_file_list>
   <object_component_list>
      <object_component id="oc-f">
         <name>.intvecs</name>
         <load_address>0x0</load_address>
         <run_address>0x0</run_address>
         <size>0x26c</size>
         <input_file_ref idref="fl-3"/>
      </object_component>
      <object_component id="oc-f5">
         <name>.text:main</name>
         <load_address>0x26c</load_address>
         <run_address>0x26c</run_address>
         <size>0x7a4</size>
         <input_file_ref idref="fl-2"/>
      </object_component>
      <object_component id="oc-13d">
         <name>.text:InitHW</name>
         <load_address>0xa10</load_address>
         <run_address>0xa10</run_address>
         <size>0x6ac</size>
         <input_file_ref idref="fl-2"/>
      </object_component>
      <object_component id="oc-31b">
         <name>.text:UARTvprintf</name>
         <load_address>0x10bc</load_address>
         <run_address>0x10bc</run_address>
         <size>0x30c</size>
         <input_file_ref idref="fl-5"/>
      </object_component>
      <object_component id="oc-212">
         <name>.text:SysCtlClockSet</name>
         <load_address>0x13c8</load_address>
         <run_address>0x13c8</run_address>
         <size>0x1dc</size>
         <input_file_ref idref="fl-4"/>
      </object_component>
      <object_component id="oc-242">
         <name>.text:SysCtlClockGet</name>
         <load_address>0x15a4</load_address>
         <run_address>0x15a4</run_address>
         <size>0x1d0</size>
         <input_file_ref idref="fl-4"/>
      </object_component>
      <object_component id="oc-1bf">
         <name>.text:MotorThread</name>
         <load_address>0x1774</load_address>
         <run_address>0x1774</run_address>
         <size>0x1c8</size>
         <input_file_ref idref="fl-2"/>
      </object_component>
      <object_component id="oc-329">
         <name>.text:CANMessageSet</name>
         <load_address>0x193c</load_address>
         <run_address>0x193c</run_address>
         <size>0x136</size>
         <input_file_ref idref="fl-cf"/>
      </object_component>
      <object_component id="oc-25a">
         <name>.text:GPIOPadConfigSet</name>
         <load_address>0x1a72</load_address>
         <run_address>0x1a72</run_address>
         <size>0x132</size>
         <input_file_ref idref="fl-d1"/>
      </object_component>
      <object_component id="oc-42">
         <name>.text:CAN0IntHandler</name>
         <load_address>0x1ba4</load_address>
         <run_address>0x1ba4</run_address>
         <size>0x11c</size>
         <input_file_ref idref="fl-2"/>
      </object_component>
      <object_component id="oc-a2">
         <name>.text:CANMessageGet</name>
         <load_address>0x1cc0</load_address>
         <run_address>0x1cc0</run_address>
         <size>0x10e</size>
         <input_file_ref idref="fl-cf"/>
      </object_component>
      <object_component id="oc-30">
         <name>.text:FaultISR</name>
         <load_address>0x1dce</load_address>
         <run_address>0x1dce</run_address>
         <size>0x2</size>
         <input_file_ref idref="fl-3"/>
      </object_component>
      <object_component id="oc-16d">
         <name>.text:StepperSpeed</name>
         <load_address>0x1dd0</load_address>
         <run_address>0x1dd0</run_address>
         <size>0xf0</size>
         <input_file_ref idref="fl-2"/>
      </object_component>
      <object_component id="oc-155">
         <name>.text:UARTgets</name>
         <load_address>0x1ec0</load_address>
         <run_address>0x1ec0</run_address>
         <size>0xdc</size>
         <input_file_ref idref="fl-5"/>
      </object_component>
      <object_component id="oc-345">
         <name>.text:InitStepperAsQEI</name>
         <load_address>0x1f9c</load_address>
         <run_address>0x1f9c</run_address>
         <size>0xd4</size>
         <input_file_ref idref="fl-2"/>
      </object_component>
      <object_component id="oc-5c">
         <name>.text</name>
         <load_address>0x2070</load_address>
         <run_address>0x2070</run_address>
         <size>0x9c</size>
         <input_file_ref idref="fl-c9"/>
      </object_component>
      <object_component id="oc-34b">
         <name>.text:InitStepperAsHome</name>
         <load_address>0x210c</load_address>
         <run_address>0x210c</run_address>
         <size>0x98</size>
         <input_file_ref idref="fl-2"/>
      </object_component>
      <object_component id="oc-2de">
         <name>.text:ADCSequenceStepConfigure</name>
         <load_address>0x21a4</load_address>
         <run_address>0x21a4</run_address>
         <size>0x7a</size>
         <input_file_ref idref="fl-ce"/>
      </object_component>
      <object_component id="oc-36">
         <name>.text:IntDefaultHandler</name>
         <load_address>0x221e</load_address>
         <run_address>0x221e</run_address>
         <size>0x2</size>
         <input_file_ref idref="fl-3"/>
      </object_component>
      <object_component id="oc-2d2">
         <name>.text:UARTStdioConfig</name>
         <load_address>0x2220</load_address>
         <run_address>0x2220</run_address>
         <size>0x74</size>
         <input_file_ref idref="fl-5"/>
      </object_component>
      <object_component id="oc-29c">
         <name>.text:CANBitRateSet</name>
         <load_address>0x2294</load_address>
         <run_address>0x2294</run_address>
         <size>0x6c</size>
         <input_file_ref idref="fl-cf"/>
      </object_component>
      <object_component id="oc-15b">
         <name>.text:CANSend</name>
         <load_address>0x2300</load_address>
         <run_address>0x2300</run_address>
         <size>0x6c</size>
         <input_file_ref idref="fl-2"/>
      </object_component>
      <object_component id="oc-149">
         <name>.text:InitialLedBlink</name>
         <load_address>0x236c</load_address>
         <run_address>0x236c</run_address>
         <size>0x6c</size>
         <input_file_ref idref="fl-2"/>
      </object_component>
      <object_component id="oc-48">
         <name>.text:Timer4AIntHandler</name>
         <load_address>0x23d8</load_address>
         <run_address>0x23d8</run_address>
         <size>0x6c</size>
         <input_file_ref idref="fl-2"/>
      </object_component>
      <object_component id="oc-284">
         <name>.text:IntEnable</name>
         <load_address>0x2444</load_address>
         <run_address>0x2444</run_address>
         <size>0x68</size>
         <input_file_ref idref="fl-d3"/>
      </object_component>
      <object_component id="oc-12">
         <name>.text:decompress:lzss:__TI_decompress_lzss</name>
         <load_address>0x24ac</load_address>
         <run_address>0x24ac</run_address>
         <size>0x68</size>
         <input_file_ref idref="fl-c3"/>
      </object_component>
      <object_component id="oc-266">
         <name>.text:TimerConfigure</name>
         <load_address>0x2514</load_address>
         <run_address>0x2514</run_address>
         <size>0x60</size>
         <input_file_ref idref="fl-d7"/>
      </object_component>
      <object_component id="oc-330">
         <name>.text:UARTwrite</name>
         <load_address>0x2574</load_address>
         <run_address>0x2574</run_address>
         <size>0x5c</size>
         <input_file_ref idref="fl-5"/>
      </object_component>
      <object_component id="oc-2d8">
         <name>.text:ADCSequenceConfigure</name>
         <load_address>0x25d0</load_address>
         <run_address>0x25d0</run_address>
         <size>0x50</size>
         <input_file_ref idref="fl-ce"/>
      </object_component>
      <object_component id="oc-248">
         <name>.text:I2CMasterInitExpClk</name>
         <load_address>0x2620</load_address>
         <run_address>0x2620</run_address>
         <size>0x4c</size>
         <input_file_ref idref="fl-d2"/>
      </object_component>
      <object_component id="oc-230">
         <name>.text:GPIOPinConfigure</name>
         <load_address>0x266c</load_address>
         <run_address>0x266c</run_address>
         <size>0x48</size>
         <input_file_ref idref="fl-d1"/>
      </object_component>
      <object_component id="oc-21e">
         <name>.text:SysCtlPeripheralReady</name>
         <load_address>0x26b4</load_address>
         <run_address>0x26b4</run_address>
         <size>0x44</size>
         <input_file_ref idref="fl-4"/>
      </object_component>
      <object_component id="oc-1db">
         <name>.text:__TI_auto_init_nobinit_nopinit:__TI_auto_init_nobinit_nopinit</name>
         <load_address>0x26f8</load_address>
         <run_address>0x26f8</run_address>
         <size>0x44</size>
         <input_file_ref idref="fl-cb"/>
      </object_component>
      <object_component id="oc-167">
         <name>.text:AdjustHWforQEIHome</name>
         <load_address>0x273c</load_address>
         <run_address>0x273c</run_address>
         <size>0x40</size>
         <input_file_ref idref="fl-2"/>
      </object_component>
      <object_component id="oc-9c">
         <name>.text:CANStatusGet</name>
         <load_address>0x277c</load_address>
         <run_address>0x277c</run_address>
         <size>0x40</size>
         <input_file_ref idref="fl-cf"/>
      </object_component>
      <object_component id="oc-218">
         <name>.text:SysCtlPeripheralEnable</name>
         <load_address>0x27bc</load_address>
         <run_address>0x27bc</run_address>
         <size>0x40</size>
         <input_file_ref idref="fl-4"/>
      </object_component>
      <object_component id="oc-3e9">
         <name>.text</name>
         <load_address>0x27fc</load_address>
         <run_address>0x27fc</run_address>
         <size>0x40</size>
         <input_file_ref idref="fl-c0"/>
      </object_component>
      <object_component id="oc-14f">
         <name>.text:CANStartListening</name>
         <load_address>0x283c</load_address>
         <run_address>0x283c</run_address>
         <size>0x3c</size>
         <input_file_ref idref="fl-2"/>
      </object_component>
      <object_component id="oc-296">
         <name>.text:CANInit</name>
         <load_address>0x2878</load_address>
         <run_address>0x2878</run_address>
         <size>0x3a</size>
         <input_file_ref idref="fl-cf"/>
      </object_component>
      <object_component id="oc-2a">
         <name>.text:NmiSR</name>
         <load_address>0x28b2</load_address>
         <run_address>0x28b2</run_address>
         <size>0x2</size>
         <input_file_ref idref="fl-3"/>
      </object_component>
      <object_component id="oc-7a">
         <name>.text:_c_int00_noargs:_c_int00_noargs</name>
         <load_address>0x28b4</load_address>
         <run_address>0x28b4</run_address>
         <size>0x38</size>
         <input_file_ref idref="fl-c4"/>
      </object_component>
      <object_component id="oc-185">
         <name>.text:ADCIntStatus</name>
         <load_address>0x28ec</load_address>
         <run_address>0x28ec</run_address>
         <size>0x2e</size>
         <input_file_ref idref="fl-ce"/>
      </object_component>
      <object_component id="oc-254">
         <name>.text:GPIODirModeSet</name>
         <load_address>0x291a</load_address>
         <run_address>0x291a</run_address>
         <size>0x2a</size>
         <input_file_ref idref="fl-d1"/>
      </object_component>
      <object_component id="oc-116">
         <name>.text:_CANDataRegRead</name>
         <load_address>0x2944</load_address>
         <run_address>0x2944</run_address>
         <size>0x2a</size>
         <input_file_ref idref="fl-cf"/>
      </object_component>
      <object_component id="oc-161">
         <name>.text:Delay_ms</name>
         <load_address>0x296e</load_address>
         <run_address>0x296e</run_address>
         <size>0x28</size>
         <input_file_ref idref="fl-2"/>
      </object_component>
      <object_component id="oc-45d">
         <name>.text</name>
         <load_address>0x2996</load_address>
         <run_address>0x2996</run_address>
         <size>0x2</size>
         <input_file_ref idref="fl-c8"/>
      </object_component>
      <object_component id="oc-3c">
         <name>.text:SysTickIntHandler</name>
         <load_address>0x2998</load_address>
         <run_address>0x2998</run_address>
         <size>0x24</size>
         <input_file_ref idref="fl-2"/>
      </object_component>
      <object_component id="oc-143">
         <name>.text:UARTprintf</name>
         <load_address>0x29bc</load_address>
         <run_address>0x29bc</run_address>
         <size>0x24</size>
         <input_file_ref idref="fl-5"/>
      </object_component>
      <object_component id="oc-3f4">
         <name>.text:_CANDataRegWrite</name>
         <load_address>0x29e0</load_address>
         <run_address>0x29e0</run_address>
         <size>0x24</size>
         <input_file_ref idref="fl-cf"/>
      </object_component>
      <object_component id="oc-a8">
         <name>.text:CANIntClear</name>
         <load_address>0x2a04</load_address>
         <run_address>0x2a04</run_address>
         <size>0x22</size>
         <input_file_ref idref="fl-cf"/>
      </object_component>
      <object_component id="oc-2f0">
         <name>.text:PWMGenConfigure</name>
         <load_address>0x2a26</load_address>
         <run_address>0x2a26</run_address>
         <size>0x22</size>
         <input_file_ref idref="fl-d4"/>
      </object_component>
      <object_component id="oc-96">
         <name>.text:CANIntStatus</name>
         <load_address>0x2a48</load_address>
         <run_address>0x2a48</run_address>
         <size>0x20</size>
         <input_file_ref idref="fl-cf"/>
      </object_component>
      <object_component id="oc-173">
         <name>.text:GetEncoder</name>
         <load_address>0x2a68</load_address>
         <run_address>0x2a68</run_address>
         <size>0x20</size>
         <input_file_ref idref="fl-2"/>
      </object_component>
      <object_component id="oc-1a6">
         <name>.text:LedBlue</name>
         <load_address>0x2a88</load_address>
         <run_address>0x2a88</run_address>
         <size>0x20</size>
         <input_file_ref idref="fl-2"/>
      </object_component>
      <object_component id="oc-2c0">
         <name>.text:SysCtlPWMClockSet</name>
         <load_address>0x2aa8</load_address>
         <run_address>0x2aa8</run_address>
         <size>0x20</size>
         <input_file_ref idref="fl-4"/>
      </object_component>
      <object_component id="oc-191">
         <name>.text:ADCSequenceDataGet</name>
         <load_address>0x2ac8</load_address>
         <run_address>0x2ac8</run_address>
         <size>0x1e</size>
         <input_file_ref idref="fl-ce"/>
      </object_component>
      <object_component id="oc-352">
         <name>.text:PWMPulseWidthSet</name>
         <load_address>0x2ae6</load_address>
         <run_address>0x2ae6</run_address>
         <size>0x1e</size>
         <input_file_ref idref="fl-d4"/>
      </object_component>
      <object_component id="oc-1a0">
         <name>.text:LedGreen</name>
         <load_address>0x2b04</load_address>
         <run_address>0x2b04</run_address>
         <size>0x1c</size>
         <input_file_ref idref="fl-2"/>
      </object_component>
      <object_component id="oc-19a">
         <name>.text:LedRed</name>
         <load_address>0x2b20</load_address>
         <run_address>0x2b20</run_address>
         <size>0x1c</size>
         <input_file_ref idref="fl-2"/>
      </object_component>
      <object_component id="oc-1ac">
         <name>.text:LedRedSingle</name>
         <load_address>0x2b3c</load_address>
         <run_address>0x2b3c</run_address>
         <size>0x1c</size>
         <input_file_ref idref="fl-2"/>
      </object_component>
      <object_component id="oc-17f">
         <name>.text:ADCProcessorTrigger</name>
         <load_address>0x2b58</load_address>
         <run_address>0x2b58</run_address>
         <size>0x18</size>
         <input_file_ref idref="fl-ce"/>
      </object_component>
      <object_component id="oc-224">
         <name>.text:GPIOPinTypeGPIOOutput</name>
         <load_address>0x2b70</load_address>
         <run_address>0x2b70</run_address>
         <size>0x18</size>
         <input_file_ref idref="fl-d1"/>
      </object_component>
      <object_component id="oc-26c">
         <name>.text:TimerControlEvent</name>
         <load_address>0x2b88</load_address>
         <run_address>0x2b88</run_address>
         <size>0x16</size>
         <input_file_ref idref="fl-d7"/>
      </object_component>
      <object_component id="oc-30e">
         <name>.text:SysTickEnable</name>
         <load_address>0x2ba0</load_address>
         <run_address>0x2ba0</run_address>
         <size>0x14</size>
         <input_file_ref idref="fl-d6"/>
      </object_component>
      <object_component id="oc-314">
         <name>.text:SysTickIntEnable</name>
         <load_address>0x2bb4</load_address>
         <run_address>0x2bb4</run_address>
         <size>0x14</size>
         <input_file_ref idref="fl-d6"/>
      </object_component>
      <object_component id="oc-33a">
         <name>.text:CANRetrySet</name>
         <load_address>0x2bc8</load_address>
         <run_address>0x2bc8</run_address>
         <size>0x12</size>
         <input_file_ref idref="fl-cf"/>
      </object_component>
      <object_component id="oc-22a">
         <name>.text:GPIOPinTypeADC</name>
         <load_address>0x2bda</load_address>
         <run_address>0x2bda</run_address>
         <size>0x12</size>
         <input_file_ref idref="fl-d1"/>
      </object_component>
      <object_component id="oc-290">
         <name>.text:GPIOPinTypeCAN</name>
         <load_address>0x2bec</load_address>
         <run_address>0x2bec</run_address>
         <size>0x12</size>
         <input_file_ref idref="fl-d1"/>
      </object_component>
      <object_component id="oc-24e">
         <name>.text:GPIOPinTypeGPIOInput</name>
         <load_address>0x2bfe</load_address>
         <run_address>0x2bfe</run_address>
         <size>0x12</size>
         <input_file_ref idref="fl-d1"/>
      </object_component>
      <object_component id="oc-23c">
         <name>.text:GPIOPinTypeI2C</name>
         <load_address>0x2c10</load_address>
         <run_address>0x2c10</run_address>
         <size>0x12</size>
         <input_file_ref idref="fl-d1"/>
      </object_component>
      <object_component id="oc-236">
         <name>.text:GPIOPinTypeI2CSCL</name>
         <load_address>0x2c22</load_address>
         <run_address>0x2c22</run_address>
         <size>0x12</size>
         <input_file_ref idref="fl-d1"/>
      </object_component>
      <object_component id="oc-2ea">
         <name>.text:GPIOPinTypePWM</name>
         <load_address>0x2c34</load_address>
         <run_address>0x2c34</run_address>
         <size>0x12</size>
         <input_file_ref idref="fl-d1"/>
      </object_component>
      <object_component id="oc-2ae">
         <name>.text:GPIOPinTypeQEI</name>
         <load_address>0x2c46</load_address>
         <run_address>0x2c46</run_address>
         <size>0x12</size>
         <input_file_ref idref="fl-d1"/>
      </object_component>
      <object_component id="oc-260">
         <name>.text:GPIOPinTypeTimer</name>
         <load_address>0x2c58</load_address>
         <run_address>0x2c58</run_address>
         <size>0x12</size>
         <input_file_ref idref="fl-d1"/>
      </object_component>
      <object_component id="oc-2cc">
         <name>.text:GPIOPinTypeUART</name>
         <load_address>0x2c6a</load_address>
         <run_address>0x2c6a</run_address>
         <size>0x12</size>
         <input_file_ref idref="fl-d1"/>
      </object_component>
      <object_component id="oc-2fc">
         <name>.text:PWMOutputState</name>
         <load_address>0x2c7c</load_address>
         <run_address>0x2c7c</run_address>
         <size>0x12</size>
         <input_file_ref idref="fl-d4"/>
      </object_component>
      <object_component id="oc-272">
         <name>.text:TimerLoadSet</name>
         <load_address>0x2c8e</load_address>
         <run_address>0x2c8e</run_address>
         <size>0x12</size>
         <input_file_ref idref="fl-d7"/>
      </object_component>
      <object_component id="oc-68">
         <name>.text:decompress:ZI:__TI_zero_init_nomemset:__TI_zero_init_nomemset</name>
         <load_address>0x2ca0</load_address>
         <run_address>0x2ca0</run_address>
         <size>0x12</size>
         <input_file_ref idref="fl-c1"/>
      </object_component>
      <object_component id="oc-28a">
         <name>.text:IntMasterEnable</name>
         <load_address>0x2cb2</load_address>
         <run_address>0x2cb2</run_address>
         <size>0x10</size>
         <input_file_ref idref="fl-d3"/>
      </object_component>
      <object_component id="oc-2f6">
         <name>.text:PWMGenPeriodSet</name>
         <load_address>0x2cc2</load_address>
         <run_address>0x2cc2</run_address>
         <size>0x10</size>
         <input_file_ref idref="fl-d4"/>
      </object_component>
      <object_component id="oc-308">
         <name>.text:SysTickPeriodSet</name>
         <load_address>0x2cd4</load_address>
         <run_address>0x2cd4</run_address>
         <size>0x10</size>
         <input_file_ref idref="fl-d6"/>
      </object_component>
      <object_component id="oc-2e4">
         <name>.text:ADCSequenceEnable</name>
         <load_address>0x2ce4</load_address>
         <run_address>0x2ce4</run_address>
         <size>0xe</size>
         <input_file_ref idref="fl-ce"/>
      </object_component>
      <object_component id="oc-2b4">
         <name>.text:QEIConfigure</name>
         <load_address>0x2cf2</load_address>
         <run_address>0x2cf2</run_address>
         <size>0xe</size>
         <input_file_ref idref="fl-d5"/>
      </object_component>
      <object_component id="oc-278">
         <name>.text:TimerEnable</name>
         <load_address>0x2d00</load_address>
         <run_address>0x2d00</run_address>
         <size>0xe</size>
         <input_file_ref idref="fl-d7"/>
      </object_component>
      <object_component id="oc-18">
         <name>.text:decompress:none:__TI_decompress_none</name>
         <load_address>0x2d0e</load_address>
         <run_address>0x2d0e</run_address>
         <size>0xe</size>
         <input_file_ref idref="fl-c2"/>
      </object_component>
      <object_component id="oc-3be">
         <name>.text:CPUcpsie</name>
         <load_address>0x2d1c</load_address>
         <run_address>0x2d1c</run_address>
         <size>0xc</size>
         <input_file_ref idref="fl-d0"/>
      </object_component>
      <object_component id="oc-302">
         <name>.text:PWMGenEnable</name>
         <load_address>0x2d28</load_address>
         <run_address>0x2d28</run_address>
         <size>0xc</size>
         <input_file_ref idref="fl-d4"/>
      </object_component>
      <object_component id="oc-3ff">
         <name>.text:QEIFilterConfigure</name>
         <load_address>0x2d34</load_address>
         <run_address>0x2d34</run_address>
         <size>0xc</size>
         <input_file_ref idref="fl-d5"/>
      </object_component>
      <object_component id="oc-18b">
         <name>.text:ADCIntClear</name>
         <load_address>0x2d40</load_address>
         <run_address>0x2d40</run_address>
         <size>0xa</size>
         <input_file_ref idref="fl-ce"/>
      </object_component>
      <object_component id="oc-2a8">
         <name>.text:CANEnable</name>
         <load_address>0x2d4a</load_address>
         <run_address>0x2d4a</run_address>
         <size>0xa</size>
         <input_file_ref idref="fl-cf"/>
      </object_component>
      <object_component id="oc-3a8">
         <name>.text:I2CMasterEnable</name>
         <load_address>0x2d54</load_address>
         <run_address>0x2d54</run_address>
         <size>0xa</size>
         <input_file_ref idref="fl-d2"/>
      </object_component>
      <object_component id="oc-412">
         <name>.text:QEIDisable</name>
         <load_address>0x2d5e</load_address>
         <run_address>0x2d5e</run_address>
         <size>0xa</size>
         <input_file_ref idref="fl-d5"/>
      </object_component>
      <object_component id="oc-2ba">
         <name>.text:QEIEnable</name>
         <load_address>0x2d68</load_address>
         <run_address>0x2d68</run_address>
         <size>0xa</size>
         <input_file_ref idref="fl-d5"/>
      </object_component>
      <object_component id="oc-405">
         <name>.text:QEIFilterEnable</name>
         <load_address>0x2d72</load_address>
         <run_address>0x2d72</run_address>
         <size>0xa</size>
         <input_file_ref idref="fl-d5"/>
      </object_component>
      <object_component id="oc-bf">
         <name>.text:TimerValueGet</name>
         <load_address>0x2d7c</load_address>
         <run_address>0x2d7c</run_address>
         <size>0xa</size>
         <input_file_ref idref="fl-d7"/>
      </object_component>
      <object_component id="oc-2a2">
         <name>.text:CANIntEnable</name>
         <load_address>0x2d86</load_address>
         <run_address>0x2d86</run_address>
         <size>0x8</size>
         <input_file_ref idref="fl-cf"/>
      </object_component>
      <object_component id="oc-27e">
         <name>.text:TimerIntEnable</name>
         <load_address>0x2d8e</load_address>
         <run_address>0x2d8e</run_address>
         <size>0x8</size>
         <input_file_ref idref="fl-d7"/>
      </object_component>
      <object_component id="oc-179">
         <name>.text:GPIOPinRead</name>
         <load_address>0x2d96</load_address>
         <run_address>0x2d96</run_address>
         <size>0x6</size>
         <input_file_ref idref="fl-d1"/>
      </object_component>
      <object_component id="oc-1b2">
         <name>.text:GPIOPinWrite</name>
         <load_address>0x2d9c</load_address>
         <run_address>0x2d9c</run_address>
         <size>0x6</size>
         <input_file_ref idref="fl-d1"/>
      </object_component>
      <object_component id="oc-24">
         <name>.text:ResetISR</name>
         <load_address>0x2da2</load_address>
         <run_address>0x2da2</run_address>
         <size>0x6</size>
         <input_file_ref idref="fl-3"/>
      </object_component>
      <object_component id="oc-343">
         <name>.text:SysCtlDelay</name>
         <load_address>0x2da8</load_address>
         <run_address>0x2da8</run_address>
         <size>0x6</size>
         <input_file_ref idref="fl-4"/>
      </object_component>
      <object_component id="oc-2c6">
         <name>.text:UARTClockSourceSet</name>
         <load_address>0x2dae</load_address>
         <run_address>0x2dae</run_address>
         <size>0x6</size>
         <input_file_ref idref="fl-d8"/>
      </object_component>
      <object_component id="oc-35c">
         <name>.text:QEIPositionGet</name>
         <load_address>0x2db4</load_address>
         <run_address>0x2db4</run_address>
         <size>0x4</size>
         <input_file_ref idref="fl-d5"/>
      </object_component>
      <object_component id="oc-40b">
         <name>.text:QEIPositionSet</name>
         <load_address>0x2db8</load_address>
         <run_address>0x2db8</run_address>
         <size>0x4</size>
         <input_file_ref idref="fl-d5"/>
      </object_component>
      <object_component id="oc-b9">
         <name>.text:TimerIntClear</name>
         <load_address>0x2dbc</load_address>
         <run_address>0x2dbc</run_address>
         <size>0x4</size>
         <input_file_ref idref="fl-d7"/>
      </object_component>
      <object_component id="oc-ef">
         <name>.text:_system_pre_init</name>
         <load_address>0x2dc0</load_address>
         <run_address>0x2dc0</run_address>
         <size>0x4</size>
         <input_file_ref idref="fl-cc"/>
      </object_component>
      <object_component id="oc-1cf">
         <name>.text:abort:abort</name>
         <load_address>0x2dc4</load_address>
         <run_address>0x2dc4</run_address>
         <size>0x4</size>
         <input_file_ref idref="fl-c5"/>
      </object_component>
      <object_component id="oc-39e">
         <name>.const:g_pui32GPIOBaseAddrs</name>
         <load_address>0x2dc8</load_address>
         <run_address>0x2dc8</run_address>
         <size>0x90</size>
         <input_file_ref idref="fl-d1"/>
      </object_component>
      <object_component id="oc-3b9">
         <name>.const</name>
         <load_address>0x2e58</load_address>
         <run_address>0x2e58</run_address>
         <size>0x70</size>
         <input_file_ref idref="fl-d3"/>
      </object_component>
      <object_component id="oc-3a4">
         <name>.const:g_pui32Xtals</name>
         <load_address>0x2ec8</load_address>
         <run_address>0x2ec8</run_address>
         <size>0x6c</size>
         <input_file_ref idref="fl-4"/>
      </object_component>
      <object_component id="oc-3c7">
         <name>.const</name>
         <load_address>0x2f34</load_address>
         <run_address>0x2f34</run_address>
         <size>0x20</size>
         <input_file_ref idref="fl-cf"/>
      </object_component>
      <object_component id="oc-463">
         <name>.const:.string</name>
         <load_address>0x2f54</load_address>
         <run_address>0x2f54</run_address>
         <size>0x12</size>
         <input_file_ref idref="fl-5"/>
      </object_component>
      <object_component id="oc-3d8">
         <name>.const:g_ui32UARTBase</name>
         <load_address>0x2f68</load_address>
         <run_address>0x2f68</run_address>
         <size>0xc</size>
         <input_file_ref idref="fl-5"/>
      </object_component>
      <object_component id="oc-3d5">
         <name>.const:g_ui32UARTPeriph</name>
         <load_address>0x2f74</load_address>
         <run_address>0x2f74</run_address>
         <size>0xc</size>
         <input_file_ref idref="fl-5"/>
      </object_component>
      <object_component id="oc-358">
         <name>.const:$P$T0$1</name>
         <load_address>0x2f80</load_address>
         <run_address>0x2f80</run_address>
         <size>0x8</size>
         <input_file_ref idref="fl-2"/>
      </object_component>
      <object_component id="oc-3ee">
         <name>.const</name>
         <load_address>0x2f88</load_address>
         <run_address>0x2f88</run_address>
         <size>0x4</size>
         <input_file_ref idref="fl-5"/>
      </object_component>
      <object_component id="oc-4af">
         <name>.cinit..data.load</name>
         <load_address>0x2f90</load_address>
         <run_address>0x2f90</run_address>
         <size>0x12</size>
      </object_component>
      <object_component id="oc-4ad">
         <name>__TI_handler_table</name>
         <load_address>0x2fa4</load_address>
         <run_address>0x2fa4</run_address>
         <size>0xc</size>
      </object_component>
      <object_component id="oc-4b0">
         <name>.cinit..bss.load</name>
         <load_address>0x2fb0</load_address>
         <run_address>0x2fb0</run_address>
         <size>0x8</size>
      </object_component>
      <object_component id="oc-4ae">
         <name>__TI_cinit_table</name>
         <load_address>0x2fb8</load_address>
         <run_address>0x2fb8</run_address>
         <size>0x10</size>
      </object_component>
      <object_component id="oc-92">
         <name>.data</name>
         <load_address>0x20000284</load_address>
         <run_address>0x20000284</run_address>
         <size>0x28</size>
         <input_file_ref idref="fl-2"/>
      </object_component>
      <object_component id="oc-1bb">
         <name>.data:gMotorUseTime</name>
         <load_address>0x200002b5</load_address>
         <run_address>0x200002b5</run_address>
         <size>0x2</size>
         <input_file_ref idref="fl-2"/>
      </object_component>
      <object_component id="oc-1c6">
         <name>.data:gMotorOn</name>
         <load_address>0x200002b3</load_address>
         <run_address>0x200002b3</run_address>
         <size>0x2</size>
         <input_file_ref idref="fl-2"/>
      </object_component>
      <object_component id="oc-1b8">
         <name>.data:gMotorDir</name>
         <load_address>0x200002b1</load_address>
         <run_address>0x200002b1</run_address>
         <size>0x2</size>
         <input_file_ref idref="fl-2"/>
      </object_component>
      <object_component id="oc-197">
         <name>.data:gQEIHomeMode</name>
         <load_address>0x200002b7</load_address>
         <run_address>0x200002b7</run_address>
         <size>0x2</size>
         <input_file_ref idref="fl-2"/>
      </object_component>
      <object_component id="oc-336">
         <name>.data</name>
         <load_address>0x200002ac</load_address>
         <run_address>0x200002ac</run_address>
         <size>0x5</size>
         <input_file_ref idref="fl-5"/>
      </object_component>
      <object_component id="oc-1ca">
         <name>.common:SOLJ3_A</name>
         <uninitialized>true</uninitialized>
         <run_address>0x20000268</run_address>
         <size>0x4</size>
      </object_component>
      <object_component id="oc-1cb">
         <name>.common:SOLJ3_B</name>
         <uninitialized>true</uninitialized>
         <run_address>0x2000026c</run_address>
         <size>0x4</size>
      </object_component>
      <object_component id="oc-1cc">
         <name>.common:SOLJ4_A</name>
         <uninitialized>true</uninitialized>
         <run_address>0x20000270</run_address>
         <size>0x4</size>
      </object_component>
      <object_component id="oc-1cd">
         <name>.common:SOLJ4_B</name>
         <uninitialized>true</uninitialized>
         <run_address>0x20000274</run_address>
         <size>0x4</size>
      </object_component>
      <object_component id="oc-ae">
         <name>.common:g_sCAN0RxMessage</name>
         <uninitialized>true</uninitialized>
         <run_address>0x20000220</run_address>
         <size>0x14</size>
      </object_component>
      <object_component id="oc-341">
         <name>.common:g_sCAN0TxMessage</name>
         <uninitialized>true</uninitialized>
         <run_address>0x20000234</run_address>
         <size>0x14</size>
      </object_component>
      <object_component id="oc-b1">
         <name>.common:CanMsgIn</name>
         <uninitialized>true</uninitialized>
         <run_address>0x20000250</run_address>
         <size>0x8</size>
      </object_component>
      <object_component id="oc-340">
         <name>.common:CamMsgOut</name>
         <uninitialized>true</uninitialized>
         <run_address>0x20000248</run_address>
         <size>0x8</size>
      </object_component>
      <object_component id="oc-b2">
         <name>.common:CanRXAd</name>
         <uninitialized>true</uninitialized>
         <run_address>0x20000280</run_address>
         <size>0x2</size>
      </object_component>
      <object_component id="oc-1be">
         <name>.common:gTimeMotorToOff</name>
         <uninitialized>true</uninitialized>
         <run_address>0x20000260</run_address>
         <size>0x8</size>
      </object_component>
      <object_component id="oc-1c5">
         <name>.common:gEncoderValMotorOff</name>
         <uninitialized>true</uninitialized>
         <run_address>0x20000258</run_address>
         <size>0x8</size>
      </object_component>
      <object_component id="oc-1c9">
         <name>.common:ADC0Value</name>
         <uninitialized>true</uninitialized>
         <run_address>0x20000200</run_address>
         <size>0x20</size>
      </object_component>
      <object_component id="oc-c5">
         <name>.common:SonarTemp</name>
         <uninitialized>true</uninitialized>
         <run_address>0x20000278</run_address>
         <size>0x4</size>
      </object_component>
      <object_component id="oc-c6">
         <name>.common:Sonar_cm</name>
         <uninitialized>true</uninitialized>
         <run_address>0x2000027c</run_address>
         <size>0x4</size>
      </object_component>
      <object_component id="oc-21">
         <name>.stack</name>
         <uninitialized>true</uninitialized>
         <run_address>0x20000000</run_address>
         <size>0x4</size>
         <input_file_ref idref="fl-c4"/>
      </object_component>
      <object_component id="oc-4b1">
         <name>.stack</name>
         <uninitialized>true</uninitialized>
         <run_address>0x20000000</run_address>
         <size>0x0</size>
      </object_component>
      <object_component id="oc-af">
         <name>.debug_info</name>
         <load_address>0x0</load_address>
         <run_address>0x0</run_address>
         <size>0x13aa</size>
         <input_file_ref idref="fl-2"/>
      </object_component>
      <object_component id="oc-93">
         <name>.debug_info</name>
         <load_address>0x13aa</load_address>
         <run_address>0x13aa</run_address>
         <size>0x211</size>
         <input_file_ref idref="fl-2"/>
      </object_component>
      <object_component id="oc-1bc">
         <name>.debug_info</name>
         <load_address>0x15bb</load_address>
         <run_address>0x15bb</run_address>
         <size>0xc3</size>
         <input_file_ref idref="fl-2"/>
      </object_component>
      <object_component id="oc-1c7">
         <name>.debug_info</name>
         <load_address>0x167e</load_address>
         <run_address>0x167e</run_address>
         <size>0xb9</size>
         <input_file_ref idref="fl-2"/>
      </object_component>
      <object_component id="oc-1b9">
         <name>.debug_info</name>
         <load_address>0x1737</load_address>
         <run_address>0x1737</run_address>
         <size>0xbb</size>
         <input_file_ref idref="fl-2"/>
      </object_component>
      <object_component id="oc-198">
         <name>.debug_info</name>
         <load_address>0x17f2</load_address>
         <run_address>0x17f2</run_address>
         <size>0xc1</size>
         <input_file_ref idref="fl-2"/>
      </object_component>
      <object_component id="oc-359">
         <name>.debug_info</name>
         <load_address>0x18b3</load_address>
         <run_address>0x18b3</run_address>
         <size>0xb7</size>
         <input_file_ref idref="fl-2"/>
      </object_component>
      <object_component id="oc-13e">
         <name>.debug_info</name>
         <load_address>0x196a</load_address>
         <run_address>0x196a</run_address>
         <size>0xe63</size>
         <input_file_ref idref="fl-2"/>
      </object_component>
      <object_component id="oc-49">
         <name>.debug_info</name>
         <load_address>0x27cd</load_address>
         <run_address>0x27cd</run_address>
         <size>0x140</size>
         <input_file_ref idref="fl-2"/>
      </object_component>
      <object_component id="oc-34c">
         <name>.debug_info</name>
         <load_address>0x290d</load_address>
         <run_address>0x290d</run_address>
         <size>0x25d</size>
         <input_file_ref idref="fl-2"/>
      </object_component>
      <object_component id="oc-346">
         <name>.debug_info</name>
         <load_address>0x2b6a</load_address>
         <run_address>0x2b6a</run_address>
         <size>0x26d</size>
         <input_file_ref idref="fl-2"/>
      </object_component>
      <object_component id="oc-16e">
         <name>.debug_info</name>
         <load_address>0x2dd7</load_address>
         <run_address>0x2dd7</run_address>
         <size>0x242</size>
         <input_file_ref idref="fl-2"/>
      </object_component>
      <object_component id="oc-1a1">
         <name>.debug_info</name>
         <load_address>0x3019</load_address>
         <run_address>0x3019</run_address>
         <size>0x114</size>
         <input_file_ref idref="fl-2"/>
      </object_component>
      <object_component id="oc-19b">
         <name>.debug_info</name>
         <load_address>0x312d</load_address>
         <run_address>0x312d</run_address>
         <size>0x110</size>
         <input_file_ref idref="fl-2"/>
      </object_component>
      <object_component id="oc-1a7">
         <name>.debug_info</name>
         <load_address>0x323d</load_address>
         <run_address>0x323d</run_address>
         <size>0x112</size>
         <input_file_ref idref="fl-2"/>
      </object_component>
      <object_component id="oc-1ad">
         <name>.debug_info</name>
         <load_address>0x334f</load_address>
         <run_address>0x334f</run_address>
         <size>0x11c</size>
         <input_file_ref idref="fl-2"/>
      </object_component>
      <object_component id="oc-162">
         <name>.debug_info</name>
         <load_address>0x346b</load_address>
         <run_address>0x346b</run_address>
         <size>0x11b</size>
         <input_file_ref idref="fl-2"/>
      </object_component>
      <object_component id="oc-3d">
         <name>.debug_info</name>
         <load_address>0x3586</load_address>
         <run_address>0x3586</run_address>
         <size>0xf8</size>
         <input_file_ref idref="fl-2"/>
      </object_component>
      <object_component id="oc-43">
         <name>.debug_info</name>
         <load_address>0x367e</load_address>
         <run_address>0x367e</run_address>
         <size>0x15c</size>
         <input_file_ref idref="fl-2"/>
      </object_component>
      <object_component id="oc-150">
         <name>.debug_info</name>
         <load_address>0x37da</load_address>
         <run_address>0x37da</run_address>
         <size>0x10c</size>
         <input_file_ref idref="fl-2"/>
      </object_component>
      <object_component id="oc-15d">
         <name>.debug_info</name>
         <load_address>0x38e6</load_address>
         <run_address>0x38e6</run_address>
         <size>0x16f</size>
         <input_file_ref idref="fl-2"/>
      </object_component>
      <object_component id="oc-14b">
         <name>.debug_info</name>
         <load_address>0x3a55</load_address>
         <run_address>0x3a55</run_address>
         <size>0x1e6</size>
         <input_file_ref idref="fl-2"/>
      </object_component>
      <object_component id="oc-175">
         <name>.debug_info</name>
         <load_address>0x3c3b</load_address>
         <run_address>0x3c3b</run_address>
         <size>0x12f</size>
         <input_file_ref idref="fl-2"/>
      </object_component>
      <object_component id="oc-1c1">
         <name>.debug_info</name>
         <load_address>0x3d6a</load_address>
         <run_address>0x3d6a</run_address>
         <size>0x1ec</size>
         <input_file_ref idref="fl-2"/>
      </object_component>
      <object_component id="oc-169">
         <name>.debug_info</name>
         <load_address>0x3f56</load_address>
         <run_address>0x3f56</run_address>
         <size>0x135</size>
         <input_file_ref idref="fl-2"/>
      </object_component>
      <object_component id="oc-f7">
         <name>.debug_info</name>
         <load_address>0x408b</load_address>
         <run_address>0x408b</run_address>
         <size>0x58f</size>
         <input_file_ref idref="fl-2"/>
      </object_component>
      <object_component id="oc-120">
         <name>.debug_info</name>
         <load_address>0x461a</load_address>
         <run_address>0x461a</run_address>
         <size>0x1b3</size>
         <input_file_ref idref="fl-2"/>
      </object_component>
      <object_component id="oc-cf">
         <name>.debug_info</name>
         <load_address>0x47cd</load_address>
         <run_address>0x47cd</run_address>
         <size>0x26b</size>
         <input_file_ref idref="fl-2"/>
      </object_component>
      <object_component id="oc-c8">
         <name>.debug_info</name>
         <load_address>0x4a38</load_address>
         <run_address>0x4a38</run_address>
         <size>0x8b</size>
         <input_file_ref idref="fl-2"/>
      </object_component>
      <object_component id="oc-125">
         <name>.debug_info</name>
         <load_address>0x4ac3</load_address>
         <run_address>0x4ac3</run_address>
         <size>0x297</size>
         <input_file_ref idref="fl-2"/>
      </object_component>
      <object_component id="oc-480">
         <name>.debug_info</name>
         <load_address>0x4d5a</load_address>
         <run_address>0x4d5a</run_address>
         <size>0xef</size>
         <input_file_ref idref="fl-2"/>
      </object_component>
      <object_component id="oc-b4">
         <name>.debug_info</name>
         <load_address>0x4e49</load_address>
         <run_address>0x4e49</run_address>
         <size>0xbb</size>
         <input_file_ref idref="fl-2"/>
      </object_component>
      <object_component id="oc-323">
         <name>.debug_info</name>
         <load_address>0x4f04</load_address>
         <run_address>0x4f04</run_address>
         <size>0x2c</size>
         <input_file_ref idref="fl-2"/>
      </object_component>
      <object_component id="oc-50">
         <name>.debug_info</name>
         <load_address>0x4f30</load_address>
         <run_address>0x4f30</run_address>
         <size>0x301</size>
         <input_file_ref idref="fl-3"/>
      </object_component>
      <object_component id="oc-10">
         <name>.debug_info</name>
         <load_address>0x5231</load_address>
         <run_address>0x5231</run_address>
         <size>0xc8</size>
         <input_file_ref idref="fl-3"/>
      </object_component>
      <object_component id="oc-27">
         <name>.debug_info</name>
         <load_address>0x52f9</load_address>
         <run_address>0x52f9</run_address>
         <size>0xf8</size>
         <input_file_ref idref="fl-3"/>
      </object_component>
      <object_component id="oc-2d">
         <name>.debug_info</name>
         <load_address>0x53f1</load_address>
         <run_address>0x53f1</run_address>
         <size>0xe7</size>
         <input_file_ref idref="fl-3"/>
      </object_component>
      <object_component id="oc-33">
         <name>.debug_info</name>
         <load_address>0x54d8</load_address>
         <run_address>0x54d8</run_address>
         <size>0xef</size>
         <input_file_ref idref="fl-3"/>
      </object_component>
      <object_component id="oc-39">
         <name>.debug_info</name>
         <load_address>0x55c7</load_address>
         <run_address>0x55c7</run_address>
         <size>0x101</size>
         <input_file_ref idref="fl-3"/>
      </object_component>
      <object_component id="oc-57">
         <name>.debug_info</name>
         <load_address>0x56c8</load_address>
         <run_address>0x56c8</run_address>
         <size>0x84</size>
         <input_file_ref idref="fl-3"/>
      </object_component>
      <object_component id="oc-446">
         <name>.debug_info</name>
         <load_address>0x574c</load_address>
         <run_address>0x574c</run_address>
         <size>0x39e</size>
         <input_file_ref idref="fl-4"/>
      </object_component>
      <object_component id="oc-3a5">
         <name>.debug_info</name>
         <load_address>0x5aea</load_address>
         <run_address>0x5aea</run_address>
         <size>0xc2</size>
         <input_file_ref idref="fl-4"/>
      </object_component>
      <object_component id="oc-21f">
         <name>.debug_info</name>
         <load_address>0x5bac</load_address>
         <run_address>0x5bac</run_address>
         <size>0x155</size>
         <input_file_ref idref="fl-4"/>
      </object_component>
      <object_component id="oc-219">
         <name>.debug_info</name>
         <load_address>0x5d01</load_address>
         <run_address>0x5d01</run_address>
         <size>0x153</size>
         <input_file_ref idref="fl-4"/>
      </object_component>
      <object_component id="oc-213">
         <name>.debug_info</name>
         <load_address>0x5e54</load_address>
         <run_address>0x5e54</run_address>
         <size>0x193</size>
         <input_file_ref idref="fl-4"/>
      </object_component>
      <object_component id="oc-243">
         <name>.debug_info</name>
         <load_address>0x5fe7</load_address>
         <run_address>0x5fe7</run_address>
         <size>0x190</size>
         <input_file_ref idref="fl-4"/>
      </object_component>
      <object_component id="oc-2c1">
         <name>.debug_info</name>
         <load_address>0x6177</load_address>
         <run_address>0x6177</run_address>
         <size>0x139</size>
         <input_file_ref idref="fl-4"/>
      </object_component>
      <object_component id="oc-47c">
         <name>.debug_info</name>
         <load_address>0x62b0</load_address>
         <run_address>0x62b0</run_address>
         <size>0x51</size>
         <input_file_ref idref="fl-4"/>
      </object_component>
      <object_component id="oc-322">
         <name>.debug_info</name>
         <load_address>0x6301</load_address>
         <run_address>0x6301</run_address>
         <size>0x2a5</size>
         <input_file_ref idref="fl-5"/>
      </object_component>
      <object_component id="oc-337">
         <name>.debug_info</name>
         <load_address>0x65a6</load_address>
         <run_address>0x65a6</run_address>
         <size>0xe6</size>
         <input_file_ref idref="fl-5"/>
      </object_component>
      <object_component id="oc-3ef">
         <name>.debug_info</name>
         <load_address>0x668c</load_address>
         <run_address>0x668c</run_address>
         <size>0xe0</size>
         <input_file_ref idref="fl-5"/>
      </object_component>
      <object_component id="oc-3d9">
         <name>.debug_info</name>
         <load_address>0x676c</load_address>
         <run_address>0x676c</run_address>
         <size>0xee</size>
         <input_file_ref idref="fl-5"/>
      </object_component>
      <object_component id="oc-3d6">
         <name>.debug_info</name>
         <load_address>0x685a</load_address>
         <run_address>0x685a</run_address>
         <size>0xf2</size>
         <input_file_ref idref="fl-5"/>
      </object_component>
      <object_component id="oc-2d3">
         <name>.debug_info</name>
         <load_address>0x694c</load_address>
         <run_address>0x694c</run_address>
         <size>0x243</size>
         <input_file_ref idref="fl-5"/>
      </object_component>
      <object_component id="oc-331">
         <name>.debug_info</name>
         <load_address>0x6b8f</load_address>
         <run_address>0x6b8f</run_address>
         <size>0x1e0</size>
         <input_file_ref idref="fl-5"/>
      </object_component>
      <object_component id="oc-156">
         <name>.debug_info</name>
         <load_address>0x6d6f</load_address>
         <run_address>0x6d6f</run_address>
         <size>0x23f</size>
         <input_file_ref idref="fl-5"/>
      </object_component>
      <object_component id="oc-31d">
         <name>.debug_info</name>
         <load_address>0x6fae</load_address>
         <run_address>0x6fae</run_address>
         <size>0x340</size>
         <input_file_ref idref="fl-5"/>
      </object_component>
      <object_component id="oc-144">
         <name>.debug_info</name>
         <load_address>0x72ee</load_address>
         <run_address>0x72ee</run_address>
         <size>0x1ab</size>
         <input_file_ref idref="fl-5"/>
      </object_component>
      <object_component id="oc-3ea">
         <name>.debug_info</name>
         <load_address>0x7499</load_address>
         <run_address>0x7499</run_address>
         <size>0x13a</size>
         <input_file_ref idref="fl-c0"/>
      </object_component>
      <object_component id="oc-e8">
         <name>.debug_info</name>
         <load_address>0x75d3</load_address>
         <run_address>0x75d3</run_address>
         <size>0x313</size>
         <input_file_ref idref="fl-c1"/>
      </object_component>
      <object_component id="oc-69">
         <name>.debug_info</name>
         <load_address>0x78e6</load_address>
         <run_address>0x78e6</run_address>
         <size>0x1b4</size>
         <input_file_ref idref="fl-c1"/>
      </object_component>
      <object_component id="oc-e3">
         <name>.debug_info</name>
         <load_address>0x7a9a</load_address>
         <run_address>0x7a9a</run_address>
         <size>0x46</size>
         <input_file_ref idref="fl-c1"/>
      </object_component>
      <object_component id="oc-134">
         <name>.debug_info</name>
         <load_address>0x7ae0</load_address>
         <run_address>0x7ae0</run_address>
         <size>0x2c</size>
         <input_file_ref idref="fl-c1"/>
      </object_component>
      <object_component id="oc-67">
         <name>.debug_info</name>
         <load_address>0x7b0c</load_address>
         <run_address>0x7b0c</run_address>
         <size>0x29d</size>
         <input_file_ref idref="fl-c2"/>
      </object_component>
      <object_component id="oc-19">
         <name>.debug_info</name>
         <load_address>0x7da9</load_address>
         <run_address>0x7da9</run_address>
         <size>0x1df</size>
         <input_file_ref idref="fl-c2"/>
      </object_component>
      <object_component id="oc-62">
         <name>.debug_info</name>
         <load_address>0x7f88</load_address>
         <run_address>0x7f88</run_address>
         <size>0x46</size>
         <input_file_ref idref="fl-c2"/>
      </object_component>
      <object_component id="oc-db">
         <name>.debug_info</name>
         <load_address>0x7fce</load_address>
         <run_address>0x7fce</run_address>
         <size>0x2c</size>
         <input_file_ref idref="fl-c2"/>
      </object_component>
      <object_component id="oc-d9">
         <name>.debug_info</name>
         <load_address>0x7ffa</load_address>
         <run_address>0x7ffa</run_address>
         <size>0x293</size>
         <input_file_ref idref="fl-c3"/>
      </object_component>
      <object_component id="oc-14">
         <name>.debug_info</name>
         <load_address>0x828d</load_address>
         <run_address>0x828d</run_address>
         <size>0x245</size>
         <input_file_ref idref="fl-c3"/>
      </object_component>
      <object_component id="oc-52">
         <name>.debug_info</name>
         <load_address>0x84d2</load_address>
         <run_address>0x84d2</run_address>
         <size>0x60</size>
         <input_file_ref idref="fl-c3"/>
      </object_component>
      <object_component id="oc-12d">
         <name>.debug_info</name>
         <load_address>0x8532</load_address>
         <run_address>0x8532</run_address>
         <size>0x46</size>
         <input_file_ref idref="fl-c3"/>
      </object_component>
      <object_component id="oc-d4">
         <name>.debug_info</name>
         <load_address>0x8578</load_address>
         <run_address>0x8578</run_address>
         <size>0x39</size>
         <input_file_ref idref="fl-c3"/>
      </object_component>
      <object_component id="oc-22">
         <name>.debug_info</name>
         <load_address>0x85b1</load_address>
         <run_address>0x85b1</run_address>
         <size>0x100</size>
         <input_file_ref idref="fl-c4"/>
      </object_component>
      <object_component id="oc-7b">
         <name>.debug_info</name>
         <load_address>0x86b1</load_address>
         <run_address>0x86b1</run_address>
         <size>0x1a4</size>
         <input_file_ref idref="fl-c4"/>
      </object_component>
      <object_component id="oc-1d0">
         <name>.debug_info</name>
         <load_address>0x8855</load_address>
         <run_address>0x8855</run_address>
         <size>0x117</size>
         <input_file_ref idref="fl-c5"/>
      </object_component>
      <object_component id="oc-45e">
         <name>.debug_info</name>
         <load_address>0x896c</load_address>
         <run_address>0x896c</run_address>
         <size>0x10d</size>
         <input_file_ref idref="fl-c8"/>
      </object_component>
      <object_component id="oc-5d">
         <name>.debug_info</name>
         <load_address>0x8a79</load_address>
         <run_address>0x8a79</run_address>
         <size>0x111</size>
         <input_file_ref idref="fl-c9"/>
      </object_component>
      <object_component id="oc-384">
         <name>.debug_info</name>
         <load_address>0x8b8a</load_address>
         <run_address>0x8b8a</run_address>
         <size>0x547</size>
         <input_file_ref idref="fl-cb"/>
      </object_component>
      <object_component id="oc-1dc">
         <name>.debug_info</name>
         <load_address>0x90d1</load_address>
         <run_address>0x90d1</run_address>
         <size>0x19b</size>
         <input_file_ref idref="fl-cb"/>
      </object_component>
      <object_component id="oc-431">
         <name>.debug_info</name>
         <load_address>0x926c</load_address>
         <run_address>0x926c</run_address>
         <size>0x39</size>
         <input_file_ref idref="fl-cb"/>
      </object_component>
      <object_component id="oc-46e">
         <name>.debug_info</name>
         <load_address>0x92a5</load_address>
         <run_address>0x92a5</run_address>
         <size>0x39</size>
         <input_file_ref idref="fl-cb"/>
      </object_component>
      <object_component id="oc-436">
         <name>.debug_info</name>
         <load_address>0x92de</load_address>
         <run_address>0x92de</run_address>
         <size>0x39</size>
         <input_file_ref idref="fl-cb"/>
      </object_component>
      <object_component id="oc-43b">
         <name>.debug_info</name>
         <load_address>0x9317</load_address>
         <run_address>0x9317</run_address>
         <size>0xcd</size>
         <input_file_ref idref="fl-cb"/>
      </object_component>
      <object_component id="oc-f2">
         <name>.debug_info</name>
         <load_address>0x93e4</load_address>
         <run_address>0x93e4</run_address>
         <size>0x148</size>
         <input_file_ref idref="fl-cc"/>
      </object_component>
      <object_component id="oc-366">
         <name>.debug_info</name>
         <load_address>0x952c</load_address>
         <run_address>0x952c</run_address>
         <size>0x24d</size>
         <input_file_ref idref="fl-ce"/>
      </object_component>
      <object_component id="oc-2df">
         <name>.debug_info</name>
         <load_address>0x9779</load_address>
         <run_address>0x9779</run_address>
         <size>0x333</size>
         <input_file_ref idref="fl-ce"/>
      </object_component>
      <object_component id="oc-2e5">
         <name>.debug_info</name>
         <load_address>0x9aac</load_address>
         <run_address>0x9aac</run_address>
         <size>0x2a0</size>
         <input_file_ref idref="fl-ce"/>
      </object_component>
      <object_component id="oc-192">
         <name>.debug_info</name>
         <load_address>0x9d4c</load_address>
         <run_address>0x9d4c</run_address>
         <size>0x2ff</size>
         <input_file_ref idref="fl-ce"/>
      </object_component>
      <object_component id="oc-2d9">
         <name>.debug_info</name>
         <load_address>0xa04b</load_address>
         <run_address>0xa04b</run_address>
         <size>0x326</size>
         <input_file_ref idref="fl-ce"/>
      </object_component>
      <object_component id="oc-180">
         <name>.debug_info</name>
         <load_address>0xa371</load_address>
         <run_address>0xa371</run_address>
         <size>0x2a4</size>
         <input_file_ref idref="fl-ce"/>
      </object_component>
      <object_component id="oc-186">
         <name>.debug_info</name>
         <load_address>0xa615</load_address>
         <run_address>0xa615</run_address>
         <size>0x2e7</size>
         <input_file_ref idref="fl-ce"/>
      </object_component>
      <object_component id="oc-18c">
         <name>.debug_info</name>
         <load_address>0xa8fc</load_address>
         <run_address>0xa8fc</run_address>
         <size>0x294</size>
         <input_file_ref idref="fl-ce"/>
      </object_component>
      <object_component id="oc-10a">
         <name>.debug_info</name>
         <load_address>0xab90</load_address>
         <run_address>0xab90</run_address>
         <size>0x18b</size>
         <input_file_ref idref="fl-ce"/>
      </object_component>
      <object_component id="oc-114">
         <name>.debug_info</name>
         <load_address>0xad1b</load_address>
         <run_address>0xad1b</run_address>
         <size>0x227</size>
         <input_file_ref idref="fl-cf"/>
      </object_component>
      <object_component id="oc-3c8">
         <name>.debug_info</name>
         <load_address>0xaf42</load_address>
         <run_address>0xaf42</run_address>
         <size>0x156</size>
         <input_file_ref idref="fl-cf"/>
      </object_component>
      <object_component id="oc-9d">
         <name>.debug_info</name>
         <load_address>0xb098</load_address>
         <run_address>0xb098</run_address>
         <size>0x286</size>
         <input_file_ref idref="fl-cf"/>
      </object_component>
      <object_component id="oc-33b">
         <name>.debug_info</name>
         <load_address>0xb31e</load_address>
         <run_address>0xb31e</run_address>
         <size>0x29d</size>
         <input_file_ref idref="fl-cf"/>
      </object_component>
      <object_component id="oc-3f5">
         <name>.debug_info</name>
         <load_address>0xb5bb</load_address>
         <run_address>0xb5bb</run_address>
         <size>0x2dd</size>
         <input_file_ref idref="fl-cf"/>
      </object_component>
      <object_component id="oc-32a">
         <name>.debug_info</name>
         <load_address>0xb898</load_address>
         <run_address>0xb898</run_address>
         <size>0x413</size>
         <input_file_ref idref="fl-cf"/>
      </object_component>
      <object_component id="oc-117">
         <name>.debug_info</name>
         <load_address>0xbcab</load_address>
         <run_address>0xbcab</run_address>
         <size>0x2de</size>
         <input_file_ref idref="fl-cf"/>
      </object_component>
      <object_component id="oc-a3">
         <name>.debug_info</name>
         <load_address>0xbf89</load_address>
         <run_address>0xbf89</run_address>
         <size>0x3e8</size>
         <input_file_ref idref="fl-cf"/>
      </object_component>
      <object_component id="oc-97">
         <name>.debug_info</name>
         <load_address>0xc371</load_address>
         <run_address>0xc371</run_address>
         <size>0x28c</size>
         <input_file_ref idref="fl-cf"/>
      </object_component>
      <object_component id="oc-2a3">
         <name>.debug_info</name>
         <load_address>0xc5fd</load_address>
         <run_address>0xc5fd</run_address>
         <size>0x28a</size>
         <input_file_ref idref="fl-cf"/>
      </object_component>
      <object_component id="oc-a9">
         <name>.debug_info</name>
         <load_address>0xc887</load_address>
         <run_address>0xc887</run_address>
         <size>0x286</size>
         <input_file_ref idref="fl-cf"/>
      </object_component>
      <object_component id="oc-297">
         <name>.debug_info</name>
         <load_address>0xcb0d</load_address>
         <run_address>0xcb0d</run_address>
         <size>0x26c</size>
         <input_file_ref idref="fl-cf"/>
      </object_component>
      <object_component id="oc-2a9">
         <name>.debug_info</name>
         <load_address>0xcd79</load_address>
         <run_address>0xcd79</run_address>
         <size>0x242</size>
         <input_file_ref idref="fl-cf"/>
      </object_component>
      <object_component id="oc-29d">
         <name>.debug_info</name>
         <load_address>0xcfbb</load_address>
         <run_address>0xcfbb</run_address>
         <size>0x360</size>
         <input_file_ref idref="fl-cf"/>
      </object_component>
      <object_component id="oc-10f">
         <name>.debug_info</name>
         <load_address>0xd31b</load_address>
         <run_address>0xd31b</run_address>
         <size>0x1b3</size>
         <input_file_ref idref="fl-cf"/>
      </object_component>
      <object_component id="oc-3bf">
         <name>.debug_info</name>
         <load_address>0xd4ce</load_address>
         <run_address>0xd4ce</run_address>
         <size>0x212</size>
         <input_file_ref idref="fl-d0"/>
      </object_component>
      <object_component id="oc-364">
         <name>.debug_info</name>
         <load_address>0xd6e0</load_address>
         <run_address>0xd6e0</run_address>
         <size>0x240</size>
         <input_file_ref idref="fl-d1"/>
      </object_component>
      <object_component id="oc-39f">
         <name>.debug_info</name>
         <load_address>0xd920</load_address>
         <run_address>0xd920</run_address>
         <size>0x15b</size>
         <input_file_ref idref="fl-d1"/>
      </object_component>
      <object_component id="oc-1b3">
         <name>.debug_info</name>
         <load_address>0xda7b</load_address>
         <run_address>0xda7b</run_address>
         <size>0x2a3</size>
         <input_file_ref idref="fl-d1"/>
      </object_component>
      <object_component id="oc-255">
         <name>.debug_info</name>
         <load_address>0xdd1e</load_address>
         <run_address>0xdd1e</run_address>
         <size>0x2b3</size>
         <input_file_ref idref="fl-d1"/>
      </object_component>
      <object_component id="oc-25b">
         <name>.debug_info</name>
         <load_address>0xdfd1</load_address>
         <run_address>0xdfd1</run_address>
         <size>0x316</size>
         <input_file_ref idref="fl-d1"/>
      </object_component>
      <object_component id="oc-2cd">
         <name>.debug_info</name>
         <load_address>0xe2e7</load_address>
         <run_address>0xe2e7</run_address>
         <size>0x27b</size>
         <input_file_ref idref="fl-d1"/>
      </object_component>
      <object_component id="oc-261">
         <name>.debug_info</name>
         <load_address>0xe562</load_address>
         <run_address>0xe562</run_address>
         <size>0x27d</size>
         <input_file_ref idref="fl-d1"/>
      </object_component>
      <object_component id="oc-2af">
         <name>.debug_info</name>
         <load_address>0xe7df</load_address>
         <run_address>0xe7df</run_address>
         <size>0x279</size>
         <input_file_ref idref="fl-d1"/>
      </object_component>
      <object_component id="oc-2eb">
         <name>.debug_info</name>
         <load_address>0xea58</load_address>
         <run_address>0xea58</run_address>
         <size>0x279</size>
         <input_file_ref idref="fl-d1"/>
      </object_component>
      <object_component id="oc-237">
         <name>.debug_info</name>
         <load_address>0xecd1</load_address>
         <run_address>0xecd1</run_address>
         <size>0x27f</size>
         <input_file_ref idref="fl-d1"/>
      </object_component>
      <object_component id="oc-23d">
         <name>.debug_info</name>
         <load_address>0xef50</load_address>
         <run_address>0xef50</run_address>
         <size>0x279</size>
         <input_file_ref idref="fl-d1"/>
      </object_component>
      <object_component id="oc-225">
         <name>.debug_info</name>
         <load_address>0xf1c9</load_address>
         <run_address>0xf1c9</run_address>
         <size>0x2b7</size>
         <input_file_ref idref="fl-d1"/>
      </object_component>
      <object_component id="oc-24f">
         <name>.debug_info</name>
         <load_address>0xf480</load_address>
         <run_address>0xf480</run_address>
         <size>0x285</size>
         <input_file_ref idref="fl-d1"/>
      </object_component>
      <object_component id="oc-291">
         <name>.debug_info</name>
         <load_address>0xf705</load_address>
         <run_address>0xf705</run_address>
         <size>0x279</size>
         <input_file_ref idref="fl-d1"/>
      </object_component>
      <object_component id="oc-22b">
         <name>.debug_info</name>
         <load_address>0xf97e</load_address>
         <run_address>0xf97e</run_address>
         <size>0x279</size>
         <input_file_ref idref="fl-d1"/>
      </object_component>
      <object_component id="oc-17a">
         <name>.debug_info</name>
         <load_address>0xfbf7</load_address>
         <run_address>0xfbf7</run_address>
         <size>0x27b</size>
         <input_file_ref idref="fl-d1"/>
      </object_component>
      <object_component id="oc-231">
         <name>.debug_info</name>
         <load_address>0xfe72</load_address>
         <run_address>0xfe72</run_address>
         <size>0x280</size>
         <input_file_ref idref="fl-d1"/>
      </object_component>
      <object_component id="oc-3af">
         <name>.debug_info</name>
         <load_address>0x100f2</load_address>
         <run_address>0x100f2</run_address>
         <size>0x231</size>
         <input_file_ref idref="fl-d2"/>
      </object_component>
      <object_component id="oc-3a9">
         <name>.debug_info</name>
         <load_address>0x10323</load_address>
         <run_address>0x10323</run_address>
         <size>0x24e</size>
         <input_file_ref idref="fl-d2"/>
      </object_component>
      <object_component id="oc-249">
         <name>.debug_info</name>
         <load_address>0x10571</load_address>
         <run_address>0x10571</run_address>
         <size>0x2d5</size>
         <input_file_ref idref="fl-d2"/>
      </object_component>
      <object_component id="oc-3bd">
         <name>.debug_info</name>
         <load_address>0x10846</load_address>
         <run_address>0x10846</run_address>
         <size>0x20e</size>
         <input_file_ref idref="fl-d3"/>
      </object_component>
      <object_component id="oc-3ba">
         <name>.debug_info</name>
         <load_address>0x10a54</load_address>
         <run_address>0x10a54</run_address>
         <size>0x210</size>
         <input_file_ref idref="fl-d3"/>
      </object_component>
      <object_component id="oc-28c">
         <name>.debug_info</name>
         <load_address>0x10c64</load_address>
         <run_address>0x10c64</run_address>
         <size>0x23e</size>
         <input_file_ref idref="fl-d3"/>
      </object_component>
      <object_component id="oc-286">
         <name>.debug_info</name>
         <load_address>0x10ea2</load_address>
         <run_address>0x10ea2</run_address>
         <size>0x268</size>
         <input_file_ref idref="fl-d3"/>
      </object_component>
      <object_component id="oc-3e1">
         <name>.debug_info</name>
         <load_address>0x1110a</load_address>
         <run_address>0x1110a</run_address>
         <size>0x1ed</size>
         <input_file_ref idref="fl-d4"/>
      </object_component>
      <object_component id="oc-354">
         <name>.debug_info</name>
         <load_address>0x112f7</load_address>
         <run_address>0x112f7</run_address>
         <size>0x2f6</size>
         <input_file_ref idref="fl-d4"/>
      </object_component>
      <object_component id="oc-2fe">
         <name>.debug_info</name>
         <load_address>0x115ed</load_address>
         <run_address>0x115ed</run_address>
[...]
         <name>Delay_ms</name>
         <value>0x296f</value>
         <object_component_ref idref="oc-161"/>
      </symbol>
      <symbol id="sm-2b5">
         <name>gTxComands</name>
         <value>0x20000294</value>
         <object_component_ref idref="oc-92"/>
      </symbol>
      <symbol id="sm-2b6">
         <name>InitHW</name>
         <value>0xa11</value>
         <object_component_ref idref="oc-13d"/>
      </symbol>
      <symbol id="sm-2b7">
         <name>CANStartListening</name>
         <value>0x283d</value>
         <object_component_ref idref="oc-14f"/>
      </symbol>
      <symbol id="sm-2b8">
         <name>gMotorDir</name>
         <value>0x200002b1</value>
         <object_component_ref idref="oc-1b8"/>
      </symbol>
      <symbol id="sm-2b9">
         <name>LedGreen</name>
         <value>0x2b05</value>
         <object_component_ref idref="oc-1a0"/>
      </symbol>
      <symbol id="sm-2ba">
         <name>MotorStepper</name>
         <value>0x2000029c</value>
         <object_component_ref idref="oc-92"/>
      </symbol>
      <symbol id="sm-2bb">
         <name>gTick_ms</name>
         <value>0x200002a4</value>
         <object_component_ref idref="oc-92"/>
      </symbol>
      <symbol id="sm-2bc">
         <name>CANSend</name>
         <value>0x2301</value>
         <object_component_ref idref="oc-15b"/>
      </symbol>
      <symbol id="sm-2bd">
         <name>SonarCo</name>
         <value>0x200002a0</value>
         <object_component_ref idref="oc-92"/>
      </symbol>
      <symbol id="sm-2be">
         <name>InitStepperAsQEI</name>
         <value>0x1f9d</value>
         <object_component_ref idref="oc-345"/>
      </symbol>
      <symbol id="sm-2bf">
         <name>CAN0IntHandler</name>
         <value>0x1ba5</value>
         <object_component_ref idref="oc-42"/>
      </symbol>
      <symbol id="sm-2c0">
         <name>LedRedSingle</name>
         <value>0x2b3d</value>
         <object_component_ref idref="oc-1ac"/>
      </symbol>
      <symbol id="sm-2c1">
         <name>main</name>
         <value>0x26d</value>
         <object_component_ref idref="oc-f5"/>
      </symbol>
      <symbol id="sm-2c2">
         <name>InitialLedBlink</name>
         <value>0x236d</value>
         <object_component_ref idref="oc-149"/>
      </symbol>
      <symbol id="sm-2c3">
         <name>g_ui32RXMsgCount</name>
         <value>0x2000028c</value>
         <object_component_ref idref="oc-92"/>
      </symbol>
      <symbol id="sm-2c4">
         <name>g_ui32TXMsgCount</name>
         <value>0x20000290</value>
         <object_component_ref idref="oc-92"/>
      </symbol>
      <symbol id="sm-2c5">
         <name>gMotorOn</name>
         <value>0x200002b3</value>
         <object_component_ref idref="oc-1c6"/>
      </symbol>
      <symbol id="sm-2c6">
         <name>StepperSpeed</name>
         <value>0x1dd1</value>
         <object_component_ref idref="oc-16d"/>
      </symbol>
      <symbol id="sm-2c7">
         <name>GetEncoder</name>
         <value>0x2a69</value>
         <object_component_ref idref="oc-173"/>
      </symbol>
      <symbol id="sm-2c8">
         <name>Timer4AIntHandler</name>
         <value>0x23d9</value>
         <object_component_ref idref="oc-48"/>
      </symbol>
      <symbol id="sm-2c9">
         <name>MotorThread</name>
         <value>0x1775</value>
         <object_component_ref idref="oc-1bf"/>
      </symbol>
      <symbol id="sm-2ca">
         <name>g_bRXFlag</name>
         <value>0x20000288</value>
         <object_component_ref idref="oc-92"/>
      </symbol>
      <symbol id="sm-2cb">
         <name>AdjustHWforQEIHome</name>
         <value>0x273d</value>
         <object_component_ref idref="oc-167"/>
      </symbol>
      <symbol id="sm-2cc">
         <name>InitStepperAsHome</name>
         <value>0x210d</value>
         <object_component_ref idref="oc-34b"/>
      </symbol>
      <symbol id="sm-2cd">
         <name>gMotorUseTime</name>
         <value>0x200002b5</value>
         <object_component_ref idref="oc-1bb"/>
      </symbol>
      <symbol id="sm-2ce">
         <name>LedBlue</name>
         <value>0x2a89</value>
         <object_component_ref idref="oc-1a6"/>
      </symbol>
      <symbol id="sm-2cf">
         <name>gSW</name>
         <value>0x20000298</value>
         <object_component_ref idref="oc-92"/>
      </symbol>
      <symbol id="sm-2d0">
         <name>g_ui32ErrFlag</name>
         <value>0x20000284</value>
         <object_component_ref idref="oc-92"/>
      </symbol>
      <symbol id="sm-2d1">
         <name>LedRed</name>
         <value>0x2b21</value>
         <object_component_ref idref="oc-19a"/>
      </symbol>
      <symbol id="sm-307">
         <name>ResetISR</name>
         <value>0x2da3</value>
         <object_component_ref idref="oc-24"/>
      </symbol>
      <symbol id="sm-308">
         <name>g_pfnVectors</name>
         <value>0x0</value>
         <object_component_ref idref="oc-f"/>
      </symbol>
      <symbol id="sm-388">
         <name>SysCtlClockSet</name>
         <value>0x13c9</value>
         <object_component_ref idref="oc-212"/>
      </symbol>
      <symbol id="sm-389">
         <name>SysCtlDelay</name>
         <value>0x2da9</value>
         <object_component_ref idref="oc-343"/>
      </symbol>
      <symbol id="sm-38a">
         <name>SysCtlPeripheralEnable</name>
         <value>0x27bd</value>
         <object_component_ref idref="oc-218"/>
      </symbol>
      <symbol id="sm-38b">
         <name>SysCtlClockGet</name>
         <value>0x15a5</value>
         <object_component_ref idref="oc-242"/>
      </symbol>
      <symbol id="sm-38c">
         <name>SysCtlPWMClockSet</name>
         <value>0x2aa9</value>
         <object_component_ref idref="oc-2c0"/>
      </symbol>
      <symbol id="sm-38d">
         <name>SysCtlPeripheralReady</name>
         <value>0x26b5</value>
         <object_component_ref idref="oc-21e"/>
      </symbol>
      <symbol id="sm-41f">
         <name>UARTgets</name>
         <value>0x1ec1</value>
         <object_component_ref idref="oc-155"/>
      </symbol>
      <symbol id="sm-420">
         <name>UARTStdioConfig</name>
         <value>0x2221</value>
         <object_component_ref idref="oc-2d2"/>
      </symbol>
      <symbol id="sm-421">
         <name>UARTwrite</name>
         <value>0x2575</value>
         <object_component_ref idref="oc-330"/>
      </symbol>
      <symbol id="sm-422">
         <name>UARTprintf</name>
         <value>0x29bd</value>
         <object_component_ref idref="oc-143"/>
      </symbol>
      <symbol id="sm-423">
         <name>UARTvprintf</name>
         <value>0x10bd</value>
         <object_component_ref idref="oc-31b"/>
      </symbol>
      <symbol id="sm-432">
         <name>__aeabi_uidivmod</name>
         <value>0x27fd</value>
         <object_component_ref idref="oc-3e9"/>
      </symbol>
      <symbol id="sm-433">
         <name>__aeabi_uidiv</name>
         <value>0x27fd</value>
         <object_component_ref idref="oc-3e9"/>
      </symbol>
      <symbol id="sm-44c">
         <name>__TI_zero_init_nomemset</name>
         <value>0x2ca1</value>
         <object_component_ref idref="oc-68"/>
      </symbol>
      <symbol id="sm-463">
         <name>__TI_decompress_none</name>
         <value>0x2d0f</value>
         <object_component_ref idref="oc-18"/>
      </symbol>
      <symbol id="sm-486">
         <name>__TI_decompress_lzss</name>
         <value>0x24ad</value>
         <object_component_ref idref="oc-12"/>
      </symbol>
      <symbol id="sm-499">
         <name>__stack</name>
         <value>0x20000000</value>
         <object_component_ref idref="oc-21"/>
      </symbol>
      <symbol id="sm-49a">
         <name>_c_int00_noargs</name>
         <value>0x28b5</value>
         <object_component_ref idref="oc-7a"/>
      </symbol>
      <symbol id="sm-4a5">
         <name>C$$EXIT</name>
         <value>0x2dc5</value>
         <object_component_ref idref="oc-1cf"/>
      </symbol>
      <symbol id="sm-4a6">
         <name>abort</name>
         <value>0x2dc5</value>
         <object_component_ref idref="oc-1cf"/>
      </symbol>
      <symbol id="sm-4b2">
         <name>__aeabi_idiv0</name>
         <value>0x2997</value>
         <object_component_ref idref="oc-45d"/>
      </symbol>
      <symbol id="sm-4b3">
         <name>__aeabi_ldiv0</name>
         <value>0x2997</value>
         <object_component_ref idref="oc-45d"/>
      </symbol>
      <symbol id="sm-4ce">
         <name>memcpy</name>
         <value>0x2071</value>
         <object_component_ref idref="oc-5c"/>
      </symbol>
      <symbol id="sm-4cf">
         <name>__aeabi_memcpy</name>
         <value>0x2071</value>
         <object_component_ref idref="oc-5c"/>
      </symbol>
      <symbol id="sm-4d0">
         <name>__aeabi_memcpy8</name>
         <value>0x2071</value>
         <object_component_ref idref="oc-5c"/>
      </symbol>
      <symbol id="sm-4d1">
         <name>__aeabi_memcpy4</name>
         <value>0x2071</value>
         <object_component_ref idref="oc-5c"/>
      </symbol>
      <symbol id="sm-4fa">
         <name>__TI_auto_init_nobinit_nopinit</name>
         <value>0x26f9</value>
         <object_component_ref idref="oc-1db"/>
      </symbol>
      <symbol id="sm-504">
         <name>_system_pre_init</name>
         <value>0x2dc1</value>
         <object_component_ref idref="oc-ef"/>
      </symbol>
      <symbol id="sm-550">
         <name>ADCProcessorTrigger</name>
         <value>0x2b59</value>
         <object_component_ref idref="oc-17f"/>
      </symbol>
      <symbol id="sm-551">
         <name>ADCSequenceEnable</name>
         <value>0x2ce5</value>
         <object_component_ref idref="oc-2e4"/>
      </symbol>
      <symbol id="sm-552">
         <name>ADCSequenceConfigure</name>
         <value>0x25d1</value>
         <object_component_ref idref="oc-2d8"/>
      </symbol>
      <symbol id="sm-553">
         <name>ADCSequenceStepConfigure</name>
         <value>0x21a5</value>
         <object_component_ref idref="oc-2de"/>
      </symbol>
      <symbol id="sm-554">
         <name>ADCIntClear</name>
         <value>0x2d41</value>
         <object_component_ref idref="oc-18b"/>
      </symbol>
      <symbol id="sm-555">
         <name>ADCIntStatus</name>
         <value>0x28ed</value>
         <object_component_ref idref="oc-185"/>
      </symbol>
      <symbol id="sm-556">
         <name>ADCSequenceDataGet</name>
         <value>0x2ac9</value>
         <object_component_ref idref="oc-191"/>
      </symbol>
      <symbol id="sm-600">
         <name>CANMessageGet</name>
         <value>0x1cc1</value>
         <object_component_ref idref="oc-a2"/>
      </symbol>
      <symbol id="sm-601">
         <name>CANBitRateSet</name>
         <value>0x2295</value>
         <object_component_ref idref="oc-29c"/>
      </symbol>
      <symbol id="sm-602">
         <name>CANEnable</name>
         <value>0x2d4b</value>
         <object_component_ref idref="oc-2a8"/>
      </symbol>
      <symbol id="sm-603">
         <name>CANStatusGet</name>
         <value>0x277d</value>
         <object_component_ref idref="oc-9c"/>
      </symbol>
      <symbol id="sm-604">
         <name>CANMessageSet</name>
         <value>0x193d</value>
         <object_component_ref idref="oc-329"/>
      </symbol>
      <symbol id="sm-605">
         <name>CANIntClear</name>
         <value>0x2a05</value>
         <object_component_ref idref="oc-a8"/>
      </symbol>
      <symbol id="sm-606">
         <name>CANIntStatus</name>
         <value>0x2a49</value>
         <object_component_ref idref="oc-96"/>
      </symbol>
      <symbol id="sm-607">
         <name>CANInit</name>
         <value>0x2879</value>
         <object_component_ref idref="oc-296"/>
      </symbol>
      <symbol id="sm-608">
         <name>CANIntEnable</name>
         <value>0x2d87</value>
         <object_component_ref idref="oc-2a2"/>
      </symbol>
      <symbol id="sm-609">
         <name>CANRetrySet</name>
         <value>0x2bc9</value>
         <object_component_ref idref="oc-33a"/>
      </symbol>
      <symbol id="sm-613">
         <name>CPUcpsie</name>
         <value>0x2d1d</value>
         <object_component_ref idref="oc-3be"/>
      </symbol>
      <symbol id="sm-69d">
         <name>GPIOPinTypePWM</name>
         <value>0x2c35</value>
         <object_component_ref idref="oc-2ea"/>
      </symbol>
      <symbol id="sm-69e">
         <name>GPIOPinConfigure</name>
         <value>0x266d</value>
         <object_component_ref idref="oc-230"/>
      </symbol>
      <symbol id="sm-69f">
         <name>GPIOPinTypeI2CSCL</name>
         <value>0x2c23</value>
         <object_component_ref idref="oc-236"/>
      </symbol>
      <symbol id="sm-6a0">
         <name>GPIOPinTypeI2C</name>
         <value>0x2c11</value>
         <object_component_ref idref="oc-23c"/>
      </symbol>
      <symbol id="sm-6a1">
         <name>GPIOPinTypeADC</name>
         <value>0x2bdb</value>
         <object_component_ref idref="oc-22a"/>
      </symbol>
      <symbol id="sm-6a2">
         <name>GPIOPinTypeGPIOInput</name>
         <value>0x2bff</value>
         <object_component_ref idref="oc-24e"/>
      </symbol>
      <symbol id="sm-6a3">
         <name>GPIOPinTypeUART</name>
         <value>0x2c6b</value>
         <object_component_ref idref="oc-2cc"/>
      </symbol>
      <symbol id="sm-6a4">
         <name>GPIOPinTypeGPIOOutput</name>
         <value>0x2b71</value>
         <object_component_ref idref="oc-224"/>
      </symbol>
      <symbol id="sm-6a5">
         <name>GPIOPinRead</name>
         <value>0x2d97</value>
         <object_component_ref idref="oc-179"/>
      </symbol>
      <symbol id="sm-6a6">
         <name>GPIODirModeSet</name>
         <value>0x291b</value>
         <object_component_ref idref="oc-254"/>
      </symbol>
      <symbol id="sm-6a7">
         <name>GPIOPinTypeQEI</name>
         <value>0x2c47</value>
         <object_component_ref idref="oc-2ae"/>
      </symbol>
      <symbol id="sm-6a8">
         <name>GPIOPinWrite</name>
         <value>0x2d9d</value>
         <object_component_ref idref="oc-1b2"/>
      </symbol>
      <symbol id="sm-6a9">
         <name>GPIOPadConfigSet</name>
         <value>0x1a73</value>
         <object_component_ref idref="oc-25a"/>
      </symbol>
      <symbol id="sm-6aa">
         <name>GPIOPinTypeTimer</name>
         <value>0x2c59</value>
         <object_component_ref idref="oc-260"/>
      </symbol>
      <symbol id="sm-6ab">
         <name>GPIOPinTypeCAN</name>
         <value>0x2bed</value>
         <object_component_ref idref="oc-290"/>
      </symbol>
      <symbol id="sm-6c4">
         <name>I2CMasterInitExpClk</name>
         <value>0x2621</value>
         <object_component_ref idref="oc-248"/>
      </symbol>
      <symbol id="sm-6c5">
         <name>I2CMasterEnable</name>
         <value>0x2d55</value>
         <object_component_ref idref="oc-3a8"/>
      </symbol>
      <symbol id="sm-6f5">
         <name>IntEnable</name>
         <value>0x2445</value>
         <object_component_ref idref="oc-284"/>
      </symbol>
      <symbol id="sm-6f6">
         <name>IntMasterEnable</name>
         <value>0x2cb3</value>
         <object_component_ref idref="oc-28a"/>
      </symbol>
      <symbol id="sm-723">
         <name>PWMGenPeriodSet</name>
         <value>0x2cc3</value>
         <object_component_ref idref="oc-2f6"/>
      </symbol>
      <symbol id="sm-724">
         <name>PWMPulseWidthSet</name>
         <value>0x2ae7</value>
         <object_component_ref idref="oc-352"/>
      </symbol>
      <symbol id="sm-725">
         <name>PWMOutputState</name>
         <value>0x2c7d</value>
         <object_component_ref idref="oc-2fc"/>
      </symbol>
      <symbol id="sm-726">
         <name>PWMGenEnable</name>
         <value>0x2d29</value>
         <object_component_ref idref="oc-302"/>
      </symbol>
      <symbol id="sm-727">
         <name>PWMGenConfigure</name>
         <value>0x2a27</value>
         <object_component_ref idref="oc-2f0"/>
      </symbol>
      <symbol id="sm-764">
         <name>QEIPositionGet</name>
         <value>0x2db5</value>
         <object_component_ref idref="oc-35c"/>
      </symbol>
      <symbol id="sm-765">
         <name>QEIFilterConfigure</name>
         <value>0x2d35</value>
         <object_component_ref idref="oc-3ff"/>
      </symbol>
      <symbol id="sm-766">
         <name>QEIFilterEnable</name>
         <value>0x2d73</value>
         <object_component_ref idref="oc-405"/>
      </symbol>
      <symbol id="sm-767">
         <name>QEIDisable</name>
         <value>0x2d5f</value>
         <object_component_ref idref="oc-412"/>
      </symbol>
      <symbol id="sm-768">
         <name>QEIEnable</name>
         <value>0x2d69</value>
         <object_component_ref idref="oc-2ba"/>
      </symbol>
      <symbol id="sm-769">
         <name>QEIPositionSet</name>
         <value>0x2db9</value>
         <object_component_ref idref="oc-40b"/>
      </symbol>
      <symbol id="sm-76a">
         <name>QEIConfigure</name>
         <value>0x2cf3</value>
         <object_component_ref idref="oc-2b4"/>
      </symbol>
      <symbol id="sm-78d">
         <name>SysTickEnable</name>
         <value>0x2ba1</value>
         <object_component_ref idref="oc-30e"/>
      </symbol>
      <symbol id="sm-78e">
         <name>SysTickIntEnable</name>
         <value>0x2bb5</value>
         <object_component_ref idref="oc-314"/>
      </symbol>
      <symbol id="sm-78f">
         <name>SysTickPeriodSet</name>
         <value>0x2cd5</value>
         <object_component_ref idref="oc-308"/>
      </symbol>
      <symbol id="sm-7d3">
         <name>TimerLoadSet</name>
         <value>0x2c8f</value>
         <object_component_ref idref="oc-272"/>
      </symbol>
      <symbol id="sm-7d4">
         <name>TimerEnable</name>
         <value>0x2d01</value>
         <object_component_ref idref="oc-278"/>
      </symbol>
      <symbol id="sm-7d5">
         <name>TimerValueGet</name>
         <value>0x2d7d</value>
         <object_component_ref idref="oc-bf"/>
      </symbol>
      <symbol id="sm-7d6">
         <name>TimerIntEnable</name>
         <value>0x2d8f</value>
         <object_component_ref idref="oc-27e"/>
      </symbol>
      <symbol id="sm-7d7">
         <name>TimerConfigure</name>
         <value>0x2515</value>
         <object_component_ref idref="oc-266"/>
      </symbol>
      <symbol id="sm-7d8">
         <name>TimerControlEvent</name>
         <value>0x2b89</value>
         <object_component_ref idref="oc-26c"/>
      </symbol>
      <symbol id="sm-7d9">
         <name>TimerIntClear</name>
         <value>0x2dbd</value>
         <object_component_ref idref="oc-b9"/>
      </symbol>
      <symbol id="sm-7e6">
         <name>UARTClockSourceSet</name>
         <value>0x2daf</value>
         <object_component_ref idref="oc-2c6"/>
      </symbol>
      <symbol id="sm-7e7">
         <name>__TI_static_base__</name>
         <value>0x0</value>
      </symbol>
      <symbol id="sm-7ea">
         <name>__mpu_init</name>
         <value>0x0</value>
      </symbol>
      <symbol id="sm-7eb">
         <name>_system_post_cinit</name>
         <value>0x0</value>
      </symbol>
   </symbol_table>
   <title>Link successful</title>
</link_info>
