<?xml version="1.0"?>
<link_info>
   <banner>TI ARM Linker PC v16.9.6.LTS</banner>
   <copyright>Copyright (c) 1996-2017 Texas Instruments Incorporated</copyright>
   <link_time>0x5b03100b</link_time>
   <link_errors>0x0</link_errors>
   <output_file>motor_3p.out</output_file>
   <entry_point>
      <name>_c_int00</name>
      <address>0x1b8d</address>
   </entry_point>
   <input_file_list>
      <input_file id="fl-2">
         <path>.\</path>
         <kind>object</kind>
         <file>main.obj</file>
         <name>main.obj</name>
      </input_file>
      <input_file id="fl-3">
         <path>.\</path>
         <kind>object</kind>
         <file>period.obj</file>
         <name>period.obj</name>
      </input_file>
      <input_file id="fl-4">
         <path>.\</path>
         <kind>object</kind>
         <file>startup_ccs.obj</file>
         <name>startup_ccs.obj</name>
      </input_file>
      <input_file id="fl-5">
         <path>.\</path>
         <kind>object</kind>
         <file>sysctl.obj</file>
         <name>sysctl.obj</name>
      </input_file>
      <input_file id="fl-6">
         <path>.\</path>
         <kind>object</kind>
         <file>uartstdio.obj</file>
         <name>uartstdio.obj</name>
      </input_file>
      <input_file id="fl-7">
         <path>.\bsp\</path>
         <kind>object</kind>
         <file>can.obj</file>
         <name>can.obj</name>
      </input_file>
      <input_file id="fl-8">
         <path>.\bsp\</path>
         <kind>object</kind>
         <file>delay.obj</file>
         <name>delay.obj</name>
      </input_file>
      <input_file id="fl-9">
         <path>.\bsp\</path>
         <kind>object</kind>
         <file>driver.obj</file>
         <name>driver.obj</name>
      </input_file>
      <input_file id="fl-a">
         <path>.\bsp\</path>
         <kind>object</kind>
         <file>drv8308.obj</file>
         <name>drv8308.obj</name>
      </input_file>
      <input_file id="fl-b">
         <path>.\bsp\</path>
         <kind>object</kind>
         <file>encoder.obj</file>
         <name>encoder.obj</name>
      </input_file>
      <input_file id="fl-c">
         <path>.\bsp\</path>
         <kind>object</kind>
         <file>io.obj</file>
         <name>io.obj</name>
      </input_file>
      <input_file id="fl-d">
         <path>.\bsp\</path>
         <kind>object</kind>
         <file>lights.obj</file>
         <name>lights.obj</name>
      </input_file>
      <input_file id="fl-e">
         <path>.\bsp\</path>
         <kind>object</kind>
         <file>sonar.obj</file>
         <name>sonar.obj</name>
      </input_file>
      <input_file id="fl-f">
         <path>.\task\</path>
         <kind>object</kind>
         <file>blinky.obj</file>
         <name>blinky.obj</name>
      </input_file>
      <input_file id="fl-10">
         <path>.\task\</path>
         <kind>object</kind>
         <file>cmdpool.obj</file>
         <name>cmdpool.obj</name>
      </input_file>
      <input_file id="fl-11">
         <path>.\task\</path>
         <kind>object</kind>
         <file>distance.obj</file>
         <name>distance.obj</name>
      </input_file>
      <input_file id="fl-12">
         <path>.\task\</path>
         <kind>object</kind>
         <file>pos_controller.obj</file>
         <name>pos_controller.obj</name>
      </input_file>
      <input_file id="fl-13">
         <path>.\task\</path>
         <kind>object</kind>
         <file>speed_controller.obj</file>
         <name>speed_controller.obj</name>
      </input_file>
      <input_file id="fl-18">
         <kind>object</kind>
         <file>&lt;internal&gt;</file>
         <name>&lt;internal&gt;</name>
      </input_file>
      <input_file id="fl-ce">
         <path>C:\ti\ccsv7\tools\compiler\ti-cgt-arm_16.9.6.LTS\lib\</path>
         <kind>archive</kind>
         <file>rtsv7M4_T_le_v4SPD16_eabi.lib</file>
         <name>boot.obj</name>
      </input_file>
      <input_file id="fl-cf">
         <path>C:\ti\ccsv7\tools\compiler\ti-cgt-arm_16.9.6.LTS\lib\</path>
         <kind>archive</kind>
         <file>rtsv7M4_T_le_v4SPD16_eabi.lib</file>
         <name>copy_decompress_lzss.obj</name>
      </input_file>
      <input_file id="fl-d0">
         <path>C:\ti\ccsv7\tools\compiler\ti-cgt-arm_16.9.6.LTS\lib\</path>
         <kind>archive</kind>
         <file>rtsv7M4_T_le_v4SPD16_eabi.lib</file>
         <name>copy_decompress_none.obj</name>
      </input_file>
      <input_file id="fl-d1">
         <path>C:\ti\ccsv7\tools\compiler\ti-cgt-arm_16.9.6.LTS\lib\</path>
         <kind>archive</kind>
         <file>rtsv7M4_T_le_v4SPD16_eabi.lib</file>
         <name>copy_zero_init.obj</name>
      </input_file>
      <input_file id="fl-d2">
         <path>C:\ti\ccsv7\tools\compiler\ti-cgt-arm_16.9.6.LTS\lib\</path>
         <kind>archive</kind>
         <file>rtsv7M4_T_le_v4SPD16_eabi.lib</file>
         <name>exit.obj</name>
      </input_file>
      <input_file id="fl-d3">
         <path>C:\ti\ccsv7\tools\compiler\ti-cgt-arm_16.9.6.LTS\lib\</path>
         <kind>archive</kind>
         <file>rtsv7M4_T_le_v4SPD16_eabi.lib</file>
         <name>fd_mul_t2.obj</name>
      </input_file>
      <input_file id="fl-d4">
         <path>C:\ti\ccsv7\tools\compiler\ti-cgt-arm_16.9.6.LTS\lib\</path>
         <kind>archive</kind>
         <file>rtsv7M4_T_le_v4SPD16_eabi.lib</file>
         <name>fd_tou_t2.obj</name>
      </input_file>
      <input_file id="fl-d5">
         <path>C:\ti\ccsv7\tools\compiler\ti-cgt-arm_16.9.6.LTS\lib\</path>
         <kind>archive</kind>
         <file>rtsv7M4_T_le_v4SPD16_eabi.lib</file>
         <name>memcpy_t2.obj</name>
      </input_file>
      <input_file id="fl-d6">
         <path>C:\ti\ccsv7\tools\compiler\ti-cgt-arm_16.9.6.LTS\lib\</path>
         <kind>archive</kind>
         <file>rtsv7M4_T_le_v4SPD16_eabi.lib</file>
         <name>memset_t2.obj</name>
      </input_file>
      <input_file id="fl-d7">
         <path>C:\ti\ccsv7\tools\compiler\ti-cgt-arm_16.9.6.LTS\lib\</path>
         <kind>archive</kind>
         <file>rtsv7M4_T_le_v4SPD16_eabi.lib</file>
         <name>mpu_init.obj</name>
      </input_file>
      <input_file id="fl-d8">
         <path>C:\ti\ccsv7\tools\compiler\ti-cgt-arm_16.9.6.LTS\lib\</path>
         <kind>archive</kind>
         <file>rtsv7M4_T_le_v4SPD16_eabi.lib</file>
         <name>pre_init.obj</name>
      </input_file>
      <input_file id="fl-d9">
         <path>C:\ti\ccsv7\tools\compiler\ti-cgt-arm_16.9.6.LTS\lib\</path>
         <kind>archive</kind>
         <file>rtsv7M4_T_le_v4SPD16_eabi.lib</file>
         <name>stkdepth_vars.obj</name>
      </input_file>
      <input_file id="fl-da">
         <path>C:\ti\ccsv7\tools\compiler\ti-cgt-arm_16.9.6.LTS\lib\</path>
         <kind>archive</kind>
         <file>rtsv7M4_T_le_v4SPD16_eabi.lib</file>
         <name>u_divt2.obj</name>
      </input_file>
      <input_file id="fl-db">
         <path>C:\ti\ccsv7\tools\compiler\ti-cgt-arm_16.9.6.LTS\lib\</path>
         <kind>archive</kind>
         <file>rtsv7M4_T_le_v4SPD16_eabi.lib</file>
         <name>u_tofd_t2.obj</name>
      </input_file>
      <input_file id="fl-dc">
         <path>C:\ti\ccsv7\tools\compiler\ti-cgt-arm_16.9.6.LTS\lib\</path>
         <kind>archive</kind>
         <file>rtsv7M4_T_le_v4SPD16_eabi.lib</file>
         <name>_lock.obj</name>
      </input_file>
      <input_file id="fl-dd">
         <path>C:\ti\ccsv7\tools\compiler\ti-cgt-arm_16.9.6.LTS\lib\</path>
         <kind>archive</kind>
         <file>rtsv7M4_T_le_v4SPD16_eabi.lib</file>
         <name>args_main.obj</name>
      </input_file>
      <input_file id="fl-de">
         <path>C:\ti\ccsv7\tools\compiler\ti-cgt-arm_16.9.6.LTS\lib\</path>
         <kind>archive</kind>
         <file>rtsv7M4_T_le_v4SPD16_eabi.lib</file>
         <name>autoinit.obj</name>
      </input_file>
      <input_file id="fl-df">
         <path>C:\ti\ccsv7\tools\compiler\ti-cgt-arm_16.9.6.LTS\lib\</path>
         <kind>archive</kind>
         <file>rtsv7M4_T_le_v4SPD16_eabi.lib</file>
         <name>cpy_tbl.obj</name>
      </input_file>
      <input_file id="fl-e0">
         <path>C:\ti\ccsv7\tools\compiler\ti-cgt-arm_16.9.6.LTS\lib\</path>
         <kind>archive</kind>
         <file>rtsv7M4_T_le_v4SPD16_eabi.lib</file>
         <name>i_div0.obj</name>
      </input_file>
      <input_file id="fl-e1">
         <path>C:\ti\ccsv7\tools\compiler\ti-cgt-arm_16.9.6.LTS\lib\</path>
         <kind>archive</kind>
         <file>rtsv7M4_T_le_v4SPD16_eabi.lib</file>
         <name>startup.obj</name>
      </input_file>
      <input_file id="fl-e2">
         <path>C:\ti\TivaWare_C_Series-2.1.4.178\driverlib\ccs\Debug\</path>
         <kind>archive</kind>
         <file>driverlib.lib</file>
         <name>cpu.obj</name>
      </input_file>
      <input_file id="fl-e3">
         <path>C:\ti\TivaWare_C_Series-2.1.4.178\driverlib\ccs\Debug\</path>
         <kind>archive</kind>
         <file>driverlib.lib</file>
         <name>gpio.obj</name>
      </input_file>
      <input_file id="fl-e4">
         <path>C:\ti\TivaWare_C_Series-2.1.4.178\driverlib\ccs\Debug\</path>
         <kind>archive</kind>
         <file>driverlib.lib</file>
         <name>interrupt.obj</name>
      </input_file>
      <input_file id="fl-e5">
         <path>C:\ti\TivaWare_C_Series-2.1.4.178\driverlib\ccs\Debug\</path>
         <kind>archive</kind>
         <file>driverlib.lib</file>
         <name>qei.obj</name>
      </input_file>
      <input_file id="fl-e6">
         <path>C:\ti\TivaWare_C_Series-2.1.4.178\driverlib\ccs\Debug\</path>
         <kind>archive</kind>
         <file>driverlib.lib</file>
         <name>ssi.obj</name>
      </input_file>
      <input_file id="fl-e7">
         <path>C:\ti\TivaWare_C_Series-2.1.4.178\driverlib\ccs\Debug\</path>
         <kind>archive</kind>
         <file>driverlib.lib</file>
         <name>uart.obj</name>
      </input_file>
   </input_file_list>
   <object_component_list>
      <object_component id="oc-f">
         <name>.intvecs</name>
         <load_address>0x0</load_address>
         <run_address>0x0</run_address>
         <size>0x26c</size>
         <input_file_ref idref="fl-4"/>
      </object_component>
      <object_component id="oc-1a9">
         <name>.text:UARTvprintf</name>
         <load_address>0x26c</load_address>
         <run_address>0x26c</run_address>
         <size>0x30c</size>
         <input_file_ref idref="fl-6"/>
      </object_component>
      <object_component id="oc-1e3">
         <name>.text:drv8308_init</name>
         <load_address>0x578</load_address>
         <run_address>0x578</run_address>
         <size>0x27c</size>
         <input_file_ref idref="fl-a"/>
      </object_component>
      <object_component id="oc-ea">
         <name>.text:pos_controller_period</name>
         <load_address>0x7f4</load_address>
         <run_address>0x7f4</run_address>
         <size>0x1f0</size>
         <input_file_ref idref="fl-12"/>
      </object_component>
      <object_component id="oc-110">
         <name>.text:driver_init_hardware</name>
         <load_address>0x9e4</load_address>
         <run_address>0x9e4</run_address>
         <size>0x1d8</size>
         <input_file_ref idref="fl-9"/>
      </object_component>
      <object_component id="oc-26f">
         <name>.text:SysCtlClockGet</name>
         <load_address>0xbbc</load_address>
         <run_address>0xbbc</run_address>
         <size>0x1d0</size>
         <input_file_ref idref="fl-5"/>
      </object_component>
      <object_component id="oc-e4">
         <name>.text:speed_controller_period</name>
         <load_address>0xd8c</load_address>
         <run_address>0xd8c</run_address>
         <size>0x17c</size>
         <input_file_ref idref="fl-13"/>
      </object_component>
      <object_component id="oc-295">
         <name>.text:GPIOPadConfigSet</name>
         <load_address>0xf08</load_address>
         <run_address>0xf08</run_address>
         <size>0x132</size>
         <input_file_ref idref="fl-e3"/>
      </object_component>
      <object_component id="oc-37">
         <name>.text:FaultISR</name>
         <load_address>0x103a</load_address>
         <run_address>0x103a</run_address>
         <size>0x2</size>
         <input_file_ref idref="fl-4"/>
      </object_component>
      <object_component id="oc-d1">
         <name>.text:main</name>
         <load_address>0x103c</load_address>
         <run_address>0x103c</run_address>
         <size>0x110</size>
         <input_file_ref idref="fl-2"/>
      </object_component>
      <object_component id="oc-2e6">
         <name>.text</name>
         <load_address>0x114c</load_address>
         <run_address>0x114c</run_address>
         <size>0xfc</size>
         <input_file_ref idref="fl-d3"/>
      </object_component>
      <object_component id="oc-1cb">
         <name>.text:can_init</name>
         <load_address>0x1248</load_address>
         <run_address>0x1248</run_address>
         <size>0xcc</size>
         <input_file_ref idref="fl-7"/>
      </object_component>
      <object_component id="oc-1d1">
         <name>.text:encoder_init</name>
         <load_address>0x1314</load_address>
         <run_address>0x1314</run_address>
         <size>0x9c</size>
         <input_file_ref idref="fl-b"/>
      </object_component>
      <object_component id="oc-5d">
         <name>.text</name>
         <load_address>0x13b0</load_address>
         <run_address>0x13b0</run_address>
         <size>0x9c</size>
         <input_file_ref idref="fl-d5"/>
      </object_component>
      <object_component id="oc-2ce">
         <name>.text:WriteDrv</name>
         <load_address>0x144c</load_address>
         <run_address>0x144c</run_address>
         <size>0x98</size>
         <input_file_ref idref="fl-a"/>
      </object_component>
      <object_component id="oc-19f">
         <name>.text:lights_turn_rgb</name>
         <load_address>0x14e4</load_address>
         <run_address>0x14e4</run_address>
         <size>0x90</size>
         <input_file_ref idref="fl-d"/>
      </object_component>
      <object_component id="oc-1d7">
         <name>.text:sonar_init</name>
         <load_address>0x1574</load_address>
         <run_address>0x1574</run_address>
         <size>0x88</size>
         <input_file_ref idref="fl-e"/>
      </object_component>
      <object_component id="oc-2c6">
         <name>.text:inputInt</name>
         <load_address>0x15fc</load_address>
         <run_address>0x15fc</run_address>
         <size>0x7c</size>
         <input_file_ref idref="fl-e"/>
      </object_component>
      <object_component id="oc-69">
         <name>.text</name>
         <load_address>0x1678</load_address>
         <run_address>0x1678</run_address>
         <size>0x7a</size>
         <input_file_ref idref="fl-d6"/>
      </object_component>
      <object_component id="oc-3d">
         <name>.text:IntDefaultHandler</name>
         <load_address>0x16f2</load_address>
         <run_address>0x16f2</run_address>
         <size>0x2</size>
         <input_file_ref idref="fl-4"/>
      </object_component>
      <object_component id="oc-1c5">
         <name>.text:ConfigureUART</name>
         <load_address>0x16f4</load_address>
         <run_address>0x16f4</run_address>
         <size>0x74</size>
         <input_file_ref idref="fl-9"/>
      </object_component>
      <object_component id="oc-275">
         <name>.text:UARTStdioConfig</name>
         <load_address>0x1768</load_address>
         <run_address>0x1768</run_address>
         <size>0x74</size>
         <input_file_ref idref="fl-6"/>
      </object_component>
      <object_component id="oc-142">
         <name>.text:test_pos2</name>
         <load_address>0x17dc</load_address>
         <run_address>0x17dc</run_address>
         <size>0x74</size>
         <input_file_ref idref="fl-2"/>
      </object_component>
      <object_component id="oc-81">
         <name>.text</name>
         <load_address>0x1850</load_address>
         <run_address>0x1850</run_address>
         <size>0x70</size>
         <input_file_ref idref="fl-de"/>
      </object_component>
      <object_component id="oc-13c">
         <name>.text:test_pos</name>
         <load_address>0x18c0</load_address>
         <run_address>0x18c0</run_address>
         <size>0x70</size>
         <input_file_ref idref="fl-2"/>
      </object_component>
      <object_component id="oc-122">
         <name>.text:pos_controller_init</name>
         <load_address>0x1930</load_address>
         <run_address>0x1930</run_address>
         <size>0x6c</size>
         <input_file_ref idref="fl-12"/>
      </object_component>
      <object_component id="oc-33f">
         <name>.text:IntEnable</name>
         <load_address>0x199c</load_address>
         <run_address>0x199c</run_address>
         <size>0x68</size>
         <input_file_ref idref="fl-e4"/>
      </object_component>
      <object_component id="oc-12">
         <name>.text:decompress:lzss</name>
         <load_address>0x1a04</load_address>
         <run_address>0x1a04</run_address>
         <size>0x68</size>
         <input_file_ref idref="fl-cf"/>
      </object_component>
      <object_component id="oc-11c">
         <name>.text:speed_controller_init</name>
         <load_address>0x1a6c</load_address>
         <run_address>0x1a6c</run_address>
         <size>0x64</size>
         <input_file_ref idref="fl-13"/>
      </object_component>
      <object_component id="oc-9b">
         <name>.text:on_sys_period</name>
         <load_address>0x1ad0</load_address>
         <run_address>0x1ad0</run_address>
         <size>0x60</size>
         <input_file_ref idref="fl-3"/>
      </object_component>
      <object_component id="oc-255">
         <name>.text:UARTwrite</name>
         <load_address>0x1b30</load_address>
         <run_address>0x1b30</run_address>
         <size>0x5c</size>
         <input_file_ref idref="fl-6"/>
      </object_component>
      <object_component id="oc-24">
         <name>.text</name>
         <load_address>0x1b8c</load_address>
         <run_address>0x1b8c</run_address>
         <size>0x54</size>
         <input_file_ref idref="fl-ce"/>
      </object_component>
      <object_component id="oc-8d">
         <name>.text</name>
         <load_address>0x1be0</load_address>
         <run_address>0x1be0</run_address>
         <size>0x54</size>
         <input_file_ref idref="fl-d2"/>
      </object_component>
      <object_component id="oc-18d">
         <name>.text:speed_controller_set_speed</name>
         <load_address>0x1c34</load_address>
         <run_address>0x1c34</run_address>
         <size>0x50</size>
         <input_file_ref idref="fl-13"/>
      </object_component>
      <object_component id="oc-1dd">
         <name>.text:lights_init</name>
         <load_address>0x1c84</load_address>
         <run_address>0x1c84</run_address>
         <size>0x4c</size>
         <input_file_ref idref="fl-d"/>
      </object_component>
      <object_component id="oc-c3">
         <name>.text</name>
         <load_address>0x1cd0</load_address>
         <run_address>0x1cd0</run_address>
         <size>0x4c</size>
         <input_file_ref idref="fl-df"/>
      </object_component>
      <object_component id="oc-2b4">
         <name>.text:Captureinit</name>
         <load_address>0x1d1c</load_address>
         <run_address>0x1d1c</run_address>
         <size>0x48</size>
         <input_file_ref idref="fl-e"/>
      </object_component>
      <object_component id="oc-289">
         <name>.text:GPIOPinConfigure</name>
         <load_address>0x1d64</load_address>
         <run_address>0x1d64</run_address>
         <size>0x48</size>
         <input_file_ref idref="fl-e3"/>
      </object_component>
      <object_component id="oc-f0">
         <name>.text:blinky_thread</name>
         <load_address>0x1dac</load_address>
         <run_address>0x1dac</run_address>
         <size>0x48</size>
         <input_file_ref idref="fl-f"/>
      </object_component>
      <object_component id="oc-1ed">
         <name>.text:can_start_listening</name>
         <load_address>0x1df4</load_address>
         <run_address>0x1df4</run_address>
         <size>0x48</size>
         <input_file_ref idref="fl-7"/>
      </object_component>
      <object_component id="oc-283">
         <name>.text:SysCtlPeripheralReady</name>
         <load_address>0x1e3c</load_address>
         <run_address>0x1e3c</run_address>
         <size>0x44</size>
         <input_file_ref idref="fl-5"/>
      </object_component>
      <object_component id="oc-333">
         <name>.text:_GPIOIntNumberGet</name>
         <load_address>0x1e80</load_address>
         <run_address>0x1e80</run_address>
         <size>0x44</size>
         <input_file_ref idref="fl-e3"/>
      </object_component>
      <object_component id="oc-2eb">
         <name>.text</name>
         <load_address>0x1ec4</load_address>
         <run_address>0x1ec4</run_address>
         <size>0x44</size>
         <input_file_ref idref="fl-d4"/>
      </object_component>
      <object_component id="oc-27c">
         <name>.text:SysCtlPeripheralEnable</name>
         <load_address>0x1f08</load_address>
         <run_address>0x1f08</run_address>
         <size>0x40</size>
         <input_file_ref idref="fl-5"/>
      </object_component>
      <object_component id="oc-25b">
         <name>.text</name>
         <load_address>0x1f48</load_address>
         <run_address>0x1f48</run_address>
         <size>0x40</size>
         <input_file_ref idref="fl-da"/>
      </object_component>
      <object_component id="oc-216">
         <name>.text:sonar_send_pulse</name>
         <load_address>0x1f88</load_address>
         <run_address>0x1f88</run_address>
         <size>0x40</size>
         <input_file_ref idref="fl-e"/>
      </object_component>
      <object_component id="oc-21c">
         <name>.text:sonar_get_dis</name>
         <load_address>0x1fc8</load_address>
         <run_address>0x1fc8</run_address>
         <size>0x3c</size>
         <input_file_ref idref="fl-e"/>
      </object_component>
      <object_component id="oc-339">
         <name>.text:IntRegister</name>
         <load_address>0x2004</load_address>
         <run_address>0x2004</run_address>
         <size>0x34</size>
         <input_file_ref idref="fl-e4"/>
      </object_component>
      <object_component id="oc-148">
         <name>.text:delay_ms</name>
         <load_address>0x2038</load_address>
         <run_address>0x2038</run_address>
         <size>0x34</size>
         <input_file_ref idref="fl-8"/>
      </object_component>
      <object_component id="oc-136">
         <name>.text:distance_thread</name>
         <load_address>0x206c</load_address>
         <run_address>0x206c</run_address>
         <size>0x2c</size>
         <input_file_ref idref="fl-11"/>
      </object_component>
      <object_component id="oc-325">
         <name>.text:GPIODirModeSet</name>
         <load_address>0x2098</load_address>
         <run_address>0x2098</run_address>
         <size>0x2a</size>
         <input_file_ref idref="fl-e3"/>
      </object_component>
      <object_component id="oc-31">
         <name>.text:NmiSR</name>
         <load_address>0x20c2</load_address>
         <run_address>0x20c2</run_address>
         <size>0x2</size>
         <input_file_ref idref="fl-4"/>
      </object_component>
      <object_component id="oc-1fa">
         <name>.text:drv8308_enable</name>
         <load_address>0x20c4</load_address>
         <run_address>0x20c4</run_address>
         <size>0x28</size>
         <input_file_ref idref="fl-a"/>
      </object_component>
      <object_component id="oc-17c">
         <name>.text:drv8308_set_brake</name>
         <load_address>0x20ec</load_address>
         <run_address>0x20ec</run_address>
         <size>0x28</size>
         <input_file_ref idref="fl-a"/>
      </object_component>
      <object_component id="oc-176">
         <name>.text:drv8308_set_dir</name>
         <load_address>0x2114</load_address>
         <run_address>0x2114</run_address>
         <size>0x28</size>
         <input_file_ref idref="fl-a"/>
      </object_component>
      <object_component id="oc-182">
         <name>.text:drv8308_set_pwm</name>
         <load_address>0x213c</load_address>
         <run_address>0x213c</run_address>
         <size>0x28</size>
         <input_file_ref idref="fl-a"/>
      </object_component>
      <object_component id="oc-168">
         <name>.text:encoder_get_value</name>
         <load_address>0x2164</load_address>
         <run_address>0x2164</run_address>
         <size>0x28</size>
         <input_file_ref idref="fl-b"/>
      </object_component>
      <object_component id="oc-199">
         <name>.text:lights_turn_led_red</name>
         <load_address>0x218c</load_address>
         <run_address>0x218c</run_address>
         <size>0x28</size>
         <input_file_ref idref="fl-d"/>
      </object_component>
      <object_component id="oc-f6">
         <name>.text:UARTprintf</name>
         <load_address>0x21b4</load_address>
         <run_address>0x21b4</run_address>
         <size>0x24</size>
         <input_file_ref idref="fl-6"/>
      </object_component>
      <object_component id="oc-16f">
         <name>.text:encoder_get_speed</name>
         <load_address>0x21d8</load_address>
         <run_address>0x21d8</run_address>
         <size>0x24</size>
         <input_file_ref idref="fl-b"/>
      </object_component>
      <object_component id="oc-2e1">
         <name>.text</name>
         <load_address>0x21fc</load_address>
         <run_address>0x21fc</run_address>
         <size>0x20</size>
         <input_file_ref idref="fl-db"/>
      </object_component>
      <object_component id="oc-116">
         <name>.text:driver_init_system</name>
         <load_address>0x221c</load_address>
         <run_address>0x221c</run_address>
         <size>0x1e</size>
         <input_file_ref idref="fl-9"/>
      </object_component>
      <object_component id="oc-49">
         <name>.text:PWM1IntHandler</name>
         <load_address>0x223a</load_address>
         <run_address>0x223a</run_address>
         <size>0x2</size>
         <input_file_ref idref="fl-a"/>
      </object_component>
      <object_component id="oc-1f3">
         <name>.text:encoder_reset</name>
         <load_address>0x223c</load_address>
         <run_address>0x223c</run_address>
         <size>0x1c</size>
         <input_file_ref idref="fl-b"/>
      </object_component>
      <object_component id="oc-2c0">
         <name>.text:GPIOIntRegister</name>
         <load_address>0x2258</load_address>
         <run_address>0x2258</run_address>
         <size>0x18</size>
         <input_file_ref idref="fl-e3"/>
      </object_component>
      <object_component id="oc-12f">
         <name>.text:driver_start_tick</name>
         <load_address>0x2270</load_address>
         <run_address>0x2270</run_address>
         <size>0x18</size>
         <input_file_ref idref="fl-9"/>
      </object_component>
      <object_component id="oc-87">
         <name>.text</name>
         <load_address>0x2288</load_address>
         <run_address>0x2288</run_address>
         <size>0x18</size>
         <input_file_ref idref="fl-dd"/>
      </object_component>
      <object_component id="oc-227">
         <name>.text:pos_controller_set_pos</name>
         <load_address>0x22a0</load_address>
         <run_address>0x22a0</run_address>
         <size>0x14</size>
         <input_file_ref idref="fl-12"/>
      </object_component>
      <object_component id="oc-15c">
         <name>.text</name>
         <load_address>0x22b4</load_address>
         <run_address>0x22b4</run_address>
         <size>0x14</size>
         <input_file_ref idref="fl-dc"/>
      </object_component>
      <object_component id="oc-28f">
         <name>.text:GPIOPinTypeQEI</name>
         <load_address>0x22c8</load_address>
         <run_address>0x22c8</run_address>
         <size>0x12</size>
         <input_file_ref idref="fl-e3"/>
      </object_component>
      <object_component id="oc-34d">
         <name>.text:SSIAdvDataPutFrameEnd</name>
         <load_address>0x22da</load_address>
         <run_address>0x22da</run_address>
         <size>0x12</size>
         <input_file_ref idref="fl-e6"/>
      </object_component>
      <object_component id="oc-2a1">
         <name>.text:QEIVelocityConfigure</name>
         <load_address>0x22ec</load_address>
         <run_address>0x22ec</run_address>
         <size>0x10</size>
         <input_file_ref idref="fl-e5"/>
      </object_component>
      <object_component id="oc-29b">
         <name>.text:QEIConfigure</name>
         <load_address>0x22fc</load_address>
         <run_address>0x22fc</run_address>
         <size>0xe</size>
         <input_file_ref idref="fl-e5"/>
      </object_component>
      <object_component id="oc-239">
         <name>.text:QEIDirectionGet</name>
         <load_address>0x230a</load_address>
         <run_address>0x230a</run_address>
         <size>0xe</size>
         <input_file_ref idref="fl-e5"/>
      </object_component>
      <object_component id="oc-18">
         <name>.text:decompress:none</name>
         <load_address>0x2318</load_address>
         <run_address>0x2318</run_address>
         <size>0xe</size>
         <input_file_ref idref="fl-d0"/>
      </object_component>
      <object_component id="oc-2ba">
         <name>.text:GPIOIntEnable</name>
         <load_address>0x2326</load_address>
         <run_address>0x2326</run_address>
         <size>0xc</size>
         <input_file_ref idref="fl-e3"/>
      </object_component>
      <object_component id="oc-1e">
         <name>.text:decompress:ZI</name>
         <load_address>0x2332</load_address>
         <run_address>0x2332</run_address>
         <size>0xc</size>
         <input_file_ref idref="fl-d1"/>
      </object_component>
      <object_component id="oc-305">
         <name>.text</name>
         <load_address>0x233e</load_address>
         <run_address>0x233e</run_address>
         <size>0x2</size>
         <input_file_ref idref="fl-e0"/>
      </object_component>
      <object_component id="oc-128">
         <name>.text:driver_get_address</name>
         <load_address>0x2340</load_address>
         <run_address>0x2340</run_address>
         <size>0xc</size>
         <input_file_ref idref="fl-9"/>
      </object_component>
      <object_component id="oc-20f">
         <name>.text:sonar_get_echo_wait</name>
         <load_address>0x234c</load_address>
         <run_address>0x234c</run_address>
         <size>0xc</size>
         <input_file_ref idref="fl-e"/>
      </object_component>
      <object_component id="oc-202">
         <name>.text:speed_controller_get_encoder</name>
         <load_address>0x2358</load_address>
         <run_address>0x2358</run_address>
         <size>0xc</size>
         <input_file_ref idref="fl-13"/>
      </object_component>
      <object_component id="oc-2ad">
         <name>.text:QEIEnable</name>
         <load_address>0x2364</load_address>
         <run_address>0x2364</run_address>
         <size>0xa</size>
         <input_file_ref idref="fl-e5"/>
      </object_component>
      <object_component id="oc-2a7">
         <name>.text:QEIVelocityEnable</name>
         <load_address>0x236e</load_address>
         <run_address>0x236e</run_address>
         <size>0xa</size>
         <input_file_ref idref="fl-e5"/>
      </object_component>
      <object_component id="oc-43">
         <name>.text:SysTickIntHandler</name>
         <load_address>0x2378</load_address>
         <run_address>0x2378</run_address>
         <size>0x8</size>
         <input_file_ref idref="fl-3"/>
      </object_component>
      <object_component id="oc-346">
         <name>.text:GPIOIntClear</name>
         <load_address>0x2380</load_address>
         <run_address>0x2380</run_address>
         <size>0x6</size>
         <input_file_ref idref="fl-e3"/>
      </object_component>
      <object_component id="oc-2b">
         <name>.text:ResetISR</name>
         <load_address>0x2386</load_address>
         <run_address>0x2386</run_address>
         <size>0x6</size>
         <input_file_ref idref="fl-4"/>
      </object_component>
      <object_component id="oc-269">
         <name>.text:UARTClockSourceSet</name>
         <load_address>0x238c</load_address>
         <run_address>0x238c</run_address>
         <size>0x6</size>
         <input_file_ref idref="fl-e7"/>
      </object_component>
      <object_component id="oc-7b">
         <name>.text</name>
         <load_address>0x2392</load_address>
         <run_address>0x2392</run_address>
         <size>0x4</size>
         <input_file_ref idref="fl-d8"/>
      </object_component>
      <object_component id="oc-75">
         <name>.text</name>
         <load_address>0x2396</load_address>
         <run_address>0x2396</run_address>
         <size>0x2</size>
         <input_file_ref idref="fl-d7"/>
      </object_component>
      <object_component id="oc-c9">
         <name>.text</name>
         <load_address>0x2398</load_address>
         <run_address>0x2398</run_address>
         <size>0x2</size>
         <input_file_ref idref="fl-e1"/>
      </object_component>
      <object_component id="oc-37f">
         <name>.const:g_ppui32GPIOIntMapSnowflake</name>
         <load_address>0x23a0</load_address>
         <run_address>0x23a0</run_address>
         <size>0xd8</size>
         <input_file_ref idref="fl-e3"/>
      </object_component>
      <object_component id="oc-37c">
         <name>.const:g_ppui32GPIOIntMapBlizzard</name>
         <load_address>0x2478</load_address>
         <run_address>0x2478</run_address>
         <size>0xc0</size>
         <input_file_ref idref="fl-e3"/>
      </object_component>
      <object_component id="oc-320">
         <name>.const:g_pui32GPIOBaseAddrs</name>
         <load_address>0x2538</load_address>
         <run_address>0x2538</run_address>
         <size>0x90</size>
         <input_file_ref idref="fl-e3"/>
      </object_component>
      <object_component id="oc-388">
         <name>.const</name>
         <load_address>0x25c8</load_address>
         <run_address>0x25c8</run_address>
         <size>0x70</size>
         <input_file_ref idref="fl-e4"/>
      </object_component>
      <object_component id="oc-313">
         <name>.const:g_pui32Xtals</name>
         <load_address>0x2638</load_address>
         <run_address>0x2638</run_address>
         <size>0x6c</size>
         <input_file_ref idref="fl-5"/>
      </object_component>
      <object_component id="oc-30c">
         <name>.const:.string</name>
         <load_address>0x26a4</load_address>
         <run_address>0x26a4</run_address>
         <size>0x12</size>
         <input_file_ref idref="fl-6"/>
      </object_component>
      <object_component id="oc-31a">
         <name>.const:g_ui32UARTBase</name>
         <load_address>0x26b8</load_address>
         <run_address>0x26b8</run_address>
         <size>0xc</size>
         <input_file_ref idref="fl-6"/>
      </object_component>
      <object_component id="oc-317">
         <name>.const:g_ui32UARTPeriph</name>
         <load_address>0x26c4</load_address>
         <run_address>0x26c4</run_address>
         <size>0xc</size>
         <input_file_ref idref="fl-6"/>
      </object_component>
      <object_component id="oc-2f0">
         <name>.const</name>
         <load_address>0x26d0</load_address>
         <run_address>0x26d0</run_address>
         <size>0x8</size>
         <input_file_ref idref="fl-e"/>
      </object_component>
      <object_component id="oc-260">
         <name>.const</name>
         <load_address>0x26d8</load_address>
         <run_address>0x26d8</run_address>
         <size>0x4</size>
         <input_file_ref idref="fl-6"/>
      </object_component>
      <object_component id="oc-3c5">
         <name>.cinit..data.load</name>
         <load_address>0x26e0</load_address>
         <run_address>0x26e0</run_address>
         <size>0x29</size>
      </object_component>
      <object_component id="oc-3c2">
         <name>__TI_handler_table</name>
         <load_address>0x270c</load_address>
         <run_address>0x270c</run_address>
         <size>0xc</size>
      </object_component>
      <object_component id="oc-3c6">
         <name>.cinit..bss.load</name>
         <load_address>0x2718</load_address>
         <run_address>0x2718</run_address>
         <size>0x8</size>
      </object_component>
      <object_component id="oc-3c4">
         <name>.cinit..vtable.load</name>
         <load_address>0x2720</load_address>
         <run_address>0x2720</run_address>
         <size>0x8</size>
      </object_component>
      <object_component id="oc-3c3">
         <name>__TI_cinit_table</name>
         <load_address>0x2728</load_address>
         <run_address>0x2728</run_address>
         <size>0x18</size>
      </object_component>
      <object_component id="oc-383">
         <name>.vtable</name>
         <uninitialized>true</uninitialized>
         <run_address>0x20000000</run_address>
         <size>0x26c</size>
         <input_file_ref idref="fl-e4"/>
      </object_component>
      <object_component id="oc-14f">
         <name>.data</name>
         <load_address>0x200004f0</load_address>
         <run_address>0x200004f0</run_address>
         <size>0x8</size>
         <input_file_ref idref="fl-2"/>
      </object_component>
      <object_component id="oc-fc">
         <name>.data</name>
         <load_address>0x200004dc</load_address>
         <run_address>0x200004dc</run_address>
         <size>0xc</size>
         <input_file_ref idref="fl-3"/>
      </object_component>
      <object_component id="oc-2fe">
         <name>.data</name>
         <load_address>0x20000500</load_address>
         <run_address>0x20000500</run_address>
         <size>0x5</size>
         <input_file_ref idref="fl-6"/>
      </object_component>
      <object_component id="oc-1e9">
         <name>.data</name>
         <load_address>0x2000050c</load_address>
         <run_address>0x2000050c</run_address>
         <size>0x4</size>
         <input_file_ref idref="fl-9"/>
      </object_component>
      <object_component id="oc-236">
         <name>.data</name>
         <load_address>0x20000510</load_address>
         <run_address>0x20000510</run_address>
         <size>0x4</size>
         <input_file_ref idref="fl-b"/>
      </object_component>
      <object_component id="oc-2dd">
         <name>.data</name>
         <load_address>0x200004f8</load_address>
         <run_address>0x200004f8</run_address>
         <size>0x5</size>
         <input_file_ref idref="fl-e"/>
      </object_component>
      <object_component id="oc-1a5">
         <name>.data</name>
         <load_address>0x200004d0</load_address>
         <run_address>0x200004d0</run_address>
         <size>0xc</size>
         <input_file_ref idref="fl-f"/>
      </object_component>
      <object_component id="oc-223">
         <name>.data</name>
         <load_address>0x20000508</load_address>
         <run_address>0x20000508</run_address>
         <size>0x4</size>
         <input_file_ref idref="fl-11"/>
      </object_component>
      <object_component id="oc-197">
         <name>.data</name>
         <load_address>0x20000514</load_address>
         <run_address>0x20000514</run_address>
         <size>0x4</size>
         <input_file_ref idref="fl-12"/>
      </object_component>
      <object_component id="oc-18b">
         <name>.data</name>
         <load_address>0x2000051c</load_address>
         <run_address>0x2000051c</run_address>
         <size>0x4</size>
         <input_file_ref idref="fl-13"/>
      </object_component>
      <object_component id="oc-d9">
         <name>.data:$O1$$</name>
         <load_address>0x200004c4</load_address>
         <run_address>0x200004c4</run_address>
         <size>0xc</size>
         <input_file_ref idref="fl-d2"/>
      </object_component>
      <object_component id="oc-93">
         <name>.data</name>
         <load_address>0x20000518</load_address>
         <run_address>0x20000518</run_address>
         <size>0x4</size>
         <input_file_ref idref="fl-d9"/>
      </object_component>
      <object_component id="oc-dc">
         <name>.data:$O1$$</name>
         <load_address>0x200004e8</load_address>
         <run_address>0x200004e8</run_address>
         <size>0x8</size>
         <input_file_ref idref="fl-dc"/>
      </object_component>
      <object_component id="oc-2d8">
         <name>.common:g_sCAN0RxMessage</name>
         <uninitialized>true</uninitialized>
         <run_address>0x200004b0</run_address>
         <size>0x14</size>
      </object_component>
      <object_component id="oc-194">
         <name>.common:pos_state</name>
         <uninitialized>true</uninitialized>
         <run_address>0x2000046c</run_address>
         <size>0x24</size>
      </object_component>
      <object_component id="oc-188">
         <name>.common:pid_state</name>
         <uninitialized>true</uninitialized>
         <run_address>0x20000490</run_address>
         <size>0x20</size>
      </object_component>
      <object_component id="oc-2a">
         <name>.stack</name>
         <uninitialized>true</uninitialized>
         <run_address>0x2000026c</run_address>
         <size>0x0</size>
         <input_file_ref idref="fl-ce"/>
      </object_component>
      <object_component id="oc-3c7">
         <name>.stack</name>
         <uninitialized>true</uninitialized>
         <run_address>0x2000026c</run_address>
         <size>0x0</size>
      </object_component>
      <object_component id="oc-266">
         <name>.debug_info</name>
         <load_address>0x0</load_address>
         <run_address>0x0</run_address>
         <size>0x420</size>
         <input_file_ref idref="fl-2"/>
      </object_component>
      <object_component id="oc-150">
         <name>.debug_info</name>
         <load_address>0x420</load_address>
         <run_address>0x420</run_address>
         <size>0xf8</size>
         <input_file_ref idref="fl-2"/>
      </object_component>
      <object_component id="oc-13d">
         <name>.debug_info</name>
         <load_address>0x518</load_address>
         <run_address>0x518</run_address>
         <size>0x17b</size>
         <input_file_ref idref="fl-2"/>
      </object_component>
      <object_component id="oc-143">
         <name>.debug_info</name>
         <load_address>0x693</load_address>
         <run_address>0x693</run_address>
         <size>0x17d</size>
         <input_file_ref idref="fl-2"/>
      </object_component>
      <object_component id="oc-d2">
         <name>.debug_info</name>
         <load_address>0x810</load_address>
         <run_address>0x810</run_address>
         <size>0x221</size>
         <input_file_ref idref="fl-2"/>
      </object_component>
      <object_component id="oc-24b">
         <name>.debug_info</name>
         <load_address>0xa31</load_address>
         <run_address>0xa31</run_address>
         <size>0xea</size>
         <input_file_ref idref="fl-2"/>
      </object_component>
      <object_component id="oc-244">
         <name>.debug_info</name>
         <load_address>0xb1b</load_address>
         <run_address>0xb1b</run_address>
         <size>0xd6</size>
         <input_file_ref idref="fl-2"/>
      </object_component>
      <object_component id="oc-58">
         <name>.debug_info</name>
         <load_address>0xbf1</load_address>
         <run_address>0xbf1</run_address>
         <size>0x84</size>
         <input_file_ref idref="fl-2"/>
      </object_component>
      <object_component id="oc-a6">
         <name>.debug_info</name>
         <load_address>0xc75</load_address>
         <run_address>0xc75</run_address>
         <size>0x18b</size>
         <input_file_ref idref="fl-2"/>
      </object_component>
      <object_component id="oc-ba">
         <name>.debug_info</name>
         <load_address>0xe00</load_address>
         <run_address>0xe00</run_address>
         <size>0x2c</size>
         <input_file_ref idref="fl-2"/>
      </object_component>
      <object_component id="oc-1b1">
         <name>.debug_info</name>
         <load_address>0xe2c</load_address>
         <run_address>0xe2c</run_address>
         <size>0x4e</size>
         <input_file_ref idref="fl-2"/>
      </object_component>
      <object_component id="oc-1b8">
         <name>.debug_info</name>
         <load_address>0xe7a</load_address>
         <run_address>0xe7a</run_address>
         <size>0x323</size>
         <input_file_ref idref="fl-3"/>
      </object_component>
      <object_component id="oc-fd">
         <name>.debug_info</name>
         <load_address>0x119d</load_address>
         <run_address>0x119d</run_address>
         <size>0x115</size>
         <input_file_ref idref="fl-3"/>
      </object_component>
      <object_component id="oc-9c">
         <name>.debug_info</name>
         <load_address>0x12b2</load_address>
         <run_address>0x12b2</run_address>
         <size>0x16c</size>
         <input_file_ref idref="fl-3"/>
      </object_component>
      <object_component id="oc-45">
         <name>.debug_info</name>
         <load_address>0x141e</load_address>
         <run_address>0x141e</run_address>
         <size>0x129</size>
         <input_file_ref idref="fl-3"/>
      </object_component>
      <object_component id="oc-51">
         <name>.debug_info</name>
         <load_address>0x1547</load_address>
         <run_address>0x1547</run_address>
         <size>0x2df</size>
         <input_file_ref idref="fl-4"/>
      </object_component>
      <object_component id="oc-10">
         <name>.debug_info</name>
         <load_address>0x1826</load_address>
         <run_address>0x1826</run_address>
         <size>0xe2</size>
         <input_file_ref idref="fl-4"/>
      </object_component>
      <object_component id="oc-2c">
         <name>.debug_info</name>
         <load_address>0x1908</load_address>
         <run_address>0x1908</run_address>
         <size>0x112</size>
         <input_file_ref idref="fl-4"/>
      </object_component>
      <object_component id="oc-32">
         <name>.debug_info</name>
         <load_address>0x1a1a</load_address>
         <run_address>0x1a1a</run_address>
         <size>0x103</size>
         <input_file_ref idref="fl-4"/>
      </object_component>
      <object_component id="oc-38">
         <name>.debug_info</name>
         <load_address>0x1b1d</load_address>
         <run_address>0x1b1d</run_address>
         <size>0x109</size>
         <input_file_ref idref="fl-4"/>
      </object_component>
      <object_component id="oc-3e">
         <name>.debug_info</name>
         <load_address>0x1c26</load_address>
         <run_address>0x1c26</run_address>
         <size>0x11b</size>
         <input_file_ref idref="fl-4"/>
      </object_component>
      <object_component id="oc-372">
         <name>.debug_info</name>
         <load_address>0x1d41</load_address>
         <run_address>0x1d41</run_address>
         <size>0x3a6</size>
         <input_file_ref idref="fl-5"/>
      </object_component>
      <object_component id="oc-314">
         <name>.debug_info</name>
         <load_address>0x20e7</load_address>
         <run_address>0x20e7</run_address>
         <size>0xdc</size>
         <input_file_ref idref="fl-5"/>
      </object_component>
      <object_component id="oc-284">
         <name>.debug_info</name>
         <load_address>0x21c3</load_address>
         <run_address>0x21c3</run_address>
         <size>0x16f</size>
         <input_file_ref idref="fl-5"/>
      </object_component>
      <object_component id="oc-27d">
         <name>.debug_info</name>
         <load_address>0x2332</load_address>
         <run_address>0x2332</run_address>
         <size>0x16d</size>
         <input_file_ref idref="fl-5"/>
      </object_component>
      <object_component id="oc-270">
         <name>.debug_info</name>
         <load_address>0x249f</load_address>
         <run_address>0x249f</run_address>
         <size>0x1aa</size>
         <input_file_ref idref="fl-5"/>
      </object_component>
      <object_component id="oc-393">
         <name>.debug_info</name>
         <load_address>0x2649</load_address>
         <run_address>0x2649</run_address>
         <size>0x51</size>
         <input_file_ref idref="fl-5"/>
      </object_component>
      <object_component id="oc-20a">
         <name>.debug_info</name>
         <load_address>0x269a</load_address>
         <run_address>0x269a</run_address>
         <size>0x8b</size>
         <input_file_ref idref="fl-5"/>
      </object_component>
      <object_component id="oc-1b0">
         <name>.debug_info</name>
         <load_address>0x2725</load_address>
         <run_address>0x2725</run_address>
         <size>0x2b3</size>
         <input_file_ref idref="fl-6"/>
      </object_component>
      <object_component id="oc-2ff">
         <name>.debug_info</name>
         <load_address>0x29d8</load_address>
         <run_address>0x29d8</run_address>
         <size>0x100</size>
         <input_file_ref idref="fl-6"/>
      </object_component>
      <object_component id="oc-261">
         <name>.debug_info</name>
         <load_address>0x2ad8</load_address>
         <run_address>0x2ad8</run_address>
         <size>0xfa</size>
         <input_file_ref idref="fl-6"/>
      </object_component>
      <object_component id="oc-31b">
         <name>.debug_info</name>
         <load_address>0x2bd2</load_address>
         <run_address>0x2bd2</run_address>
         <size>0x108</size>
         <input_file_ref idref="fl-6"/>
      </object_component>
      <object_component id="oc-318">
         <name>.debug_info</name>
         <load_address>0x2cda</load_address>
         <run_address>0x2cda</run_address>
         <size>0x10c</size>
         <input_file_ref idref="fl-6"/>
      </object_component>
      <object_component id="oc-276">
         <name>.debug_info</name>
         <load_address>0x2de6</load_address>
         <run_address>0x2de6</run_address>
         <size>0x25d</size>
         <input_file_ref idref="fl-6"/>
      </object_component>
      <object_component id="oc-256">
         <name>.debug_info</name>
         <load_address>0x3043</load_address>
         <run_address>0x3043</run_address>
         <size>0x1fa</size>
         <input_file_ref idref="fl-6"/>
      </object_component>
      <object_component id="oc-301">
         <name>.debug_info</name>
         <load_address>0x323d</load_address>
         <run_address>0x323d</run_address>
         <size>0x259</size>
         <input_file_ref idref="fl-6"/>
      </object_component>
      <object_component id="oc-1aa">
         <name>.debug_info</name>
         <load_address>0x3496</load_address>
         <run_address>0x3496</run_address>
         <size>0x35a</size>
         <input_file_ref idref="fl-6"/>
      </object_component>
      <object_component id="oc-f7">
         <name>.debug_info</name>
         <load_address>0x37f0</load_address>
         <run_address>0x37f0</run_address>
         <size>0x1c5</size>
         <input_file_ref idref="fl-6"/>
      </object_component>
      <object_component id="oc-2d9">
         <name>.debug_info</name>
         <load_address>0x39b5</load_address>
         <run_address>0x39b5</run_address>
         <size>0x37b</size>
         <input_file_ref idref="fl-7"/>
      </object_component>
      <object_component id="oc-1cc">
         <name>.debug_info</name>
         <load_address>0x3d30</load_address>
         <run_address>0x3d30</run_address>
         <size>0x177</size>
         <input_file_ref idref="fl-7"/>
      </object_component>
      <object_component id="oc-1ee">
         <name>.debug_info</name>
         <load_address>0x3ea7</load_address>
         <run_address>0x3ea7</run_address>
         <size>0x126</size>
         <input_file_ref idref="fl-7"/>
      </object_component>
      <object_component id="oc-358">
         <name>.debug_info</name>
         <load_address>0x3fcd</load_address>
         <run_address>0x3fcd</run_address>
         <size>0x1b3</size>
         <input_file_ref idref="fl-7"/>
      </object_component>
      <object_component id="oc-230">
         <name>.debug_info</name>
         <load_address>0x4180</load_address>
         <run_address>0x4180</run_address>
         <size>0x256</size>
         <input_file_ref idref="fl-8"/>
      </object_component>
      <object_component id="oc-149">
         <name>.debug_info</name>
         <load_address>0x43d6</load_address>
         <run_address>0x43d6</run_address>
         <size>0x13a</size>
         <input_file_ref idref="fl-8"/>
      </object_component>
      <object_component id="oc-2d7">
         <name>.debug_info</name>
         <load_address>0x4510</load_address>
         <run_address>0x4510</run_address>
         <size>0x473</size>
         <input_file_ref idref="fl-9"/>
      </object_component>
      <object_component id="oc-1ea">
         <name>.debug_info</name>
         <load_address>0x4983</load_address>
         <run_address>0x4983</run_address>
         <size>0xd9</size>
         <input_file_ref idref="fl-9"/>
      </object_component>
      <object_component id="oc-129">
         <name>.debug_info</name>
         <load_address>0x4a5c</load_address>
         <run_address>0x4a5c</run_address>
         <size>0x127</size>
         <input_file_ref idref="fl-9"/>
      </object_component>
      <object_component id="oc-130">
         <name>.debug_info</name>
         <load_address>0x4b83</load_address>
         <run_address>0x4b83</run_address>
         <size>0x12f</size>
         <input_file_ref idref="fl-9"/>
      </object_component>
      <object_component id="oc-1c6">
         <name>.debug_info</name>
         <load_address>0x4cb2</load_address>
         <run_address>0x4cb2</run_address>
         <size>0x180</size>
         <input_file_ref idref="fl-9"/>
      </object_component>
      <object_component id="oc-111">
         <name>.debug_info</name>
         <load_address>0x4e32</load_address>
         <run_address>0x4e32</run_address>
         <size>0x23b</size>
         <input_file_ref idref="fl-9"/>
      </object_component>
      <object_component id="oc-117">
         <name>.debug_info</name>
         <load_address>0x506d</load_address>
         <run_address>0x506d</run_address>
         <size>0x196</size>
         <input_file_ref idref="fl-9"/>
      </object_component>
      <object_component id="oc-4a">
         <name>.debug_info</name>
         <load_address>0x5203</load_address>
         <run_address>0x5203</run_address>
         <size>0x11e</size>
         <input_file_ref idref="fl-a"/>
      </object_component>
      <object_component id="oc-2d1">
         <name>.debug_info</name>
         <load_address>0x5321</load_address>
         <run_address>0x5321</run_address>
         <size>0x19d</size>
         <input_file_ref idref="fl-a"/>
      </object_component>
      <object_component id="oc-1e4">
         <name>.debug_info</name>
         <load_address>0x54be</load_address>
         <run_address>0x54be</run_address>
         <size>0x2c2</size>
         <input_file_ref idref="fl-a"/>
      </object_component>
      <object_component id="oc-184">
         <name>.debug_info</name>
         <load_address>0x5780</load_address>
         <run_address>0x5780</run_address>
         <size>0x14e</size>
         <input_file_ref idref="fl-a"/>
      </object_component>
      <object_component id="oc-1fb">
         <name>.debug_info</name>
         <load_address>0x58ce</load_address>
         <run_address>0x58ce</run_address>
         <size>0x140</size>
         <input_file_ref idref="fl-a"/>
      </object_component>
      <object_component id="oc-177">
         <name>.debug_info</name>
         <load_address>0x5a0e</load_address>
         <run_address>0x5a0e</run_address>
         <size>0x146</size>
         <input_file_ref idref="fl-a"/>
      </object_component>
      <object_component id="oc-17d">
         <name>.debug_info</name>
         <load_address>0x5b54</load_address>
         <run_address>0x5b54</run_address>
         <size>0x146</size>
         <input_file_ref idref="fl-a"/>
      </object_component>
      <object_component id="oc-2f9">
         <name>.debug_info</name>
         <load_address>0x5c9a</load_address>
         <run_address>0x5c9a</run_address>
         <size>0x4b1</size>
         <input_file_ref idref="fl-b"/>
      </object_component>
      <object_component id="oc-237">
         <name>.debug_info</name>
         <load_address>0x614b</load_address>
         <run_address>0x614b</run_address>
         <size>0xe2</size>
         <input_file_ref idref="fl-b"/>
      </object_component>
      <object_component id="oc-170">
         <name>.debug_info</name>
         <load_address>0x622d</load_address>
         <run_address>0x622d</run_address>
         <size>0x155</size>
         <input_file_ref idref="fl-b"/>
      </object_component>
      <object_component id="oc-16a">
         <name>.debug_info</name>
         <load_address>0x6382</load_address>
         <run_address>0x6382</run_address>
         <size>0x143</size>
         <input_file_ref idref="fl-b"/>
      </object_component>
      <object_component id="oc-1f5">
         <name>.debug_info</name>
         <load_address>0x64c5</load_address>
         <run_address>0x64c5</run_address>
         <size>0x123</size>
         <input_file_ref idref="fl-b"/>
      </object_component>
      <object_component id="oc-1d4">
         <name>.debug_info</name>
         <load_address>0x65e8</load_address>
         <run_address>0x65e8</run_address>
         <size>0x218</size>
         <input_file_ref idref="fl-b"/>
      </object_component>
      <object_component id="oc-1e1">
         <name>.debug_info</name>
         <load_address>0x6800</load_address>
         <run_address>0x6800</run_address>
         <size>0x131</size>
         <input_file_ref idref="fl-d"/>
      </object_component>
      <object_component id="oc-19c">
         <name>.debug_info</name>
         <load_address>0x6931</load_address>
         <run_address>0x6931</run_address>
         <size>0x147</size>
         <input_file_ref idref="fl-d"/>
      </object_component>
      <object_component id="oc-1a1">
         <name>.debug_info</name>
         <load_address>0x6a78</load_address>
         <run_address>0x6a78</run_address>
         <size>0x16a</size>
         <input_file_ref idref="fl-d"/>
      </object_component>
      <object_component id="oc-35f">
         <name>.debug_info</name>
         <load_address>0x6be2</load_address>
         <run_address>0x6be2</run_address>
         <size>0x2fd</size>
         <input_file_ref idref="fl-e"/>
      </object_component>
      <object_component id="oc-2f1">
         <name>.debug_info</name>
         <load_address>0x6edf</load_address>
         <run_address>0x6edf</run_address>
         <size>0xd0</size>
         <input_file_ref idref="fl-e"/>
      </object_component>
      <object_component id="oc-2de">
         <name>.debug_info</name>
         <load_address>0x6faf</load_address>
         <run_address>0x6faf</run_address>
         <size>0xf3</size>
         <input_file_ref idref="fl-e"/>
      </object_component>
      <object_component id="oc-211">
         <name>.debug_info</name>
         <load_address>0x70a2</load_address>
         <run_address>0x70a2</run_address>
         <size>0x126</size>
         <input_file_ref idref="fl-e"/>
      </object_component>
      <object_component id="oc-21d">
         <name>.debug_info</name>
         <load_address>0x71c8</load_address>
         <run_address>0x71c8</run_address>
         <size>0x154</size>
         <input_file_ref idref="fl-e"/>
      </object_component>
      <object_component id="oc-1d9">
         <name>.debug_info</name>
         <load_address>0x731c</load_address>
         <run_address>0x731c</run_address>
         <size>0x17d</size>
         <input_file_ref idref="fl-e"/>
      </object_component>
      <object_component id="oc-2c8">
         <name>.debug_info</name>
         <load_address>0x7499</load_address>
         <run_address>0x7499</run_address>
         <size>0x13b</size>
         <input_file_ref idref="fl-e"/>
      </object_component>
      <object_component id="oc-2b5">
         <name>.debug_info</name>
         <load_address>0x75d4</load_address>
         <run_address>0x75d4</run_address>
         <size>0x12e</size>
         <input_file_ref idref="fl-e"/>
      </object_component>
      <object_component id="oc-218">
         <name>.debug_info</name>
         <load_address>0x7702</load_address>
         <run_address>0x7702</run_address>
         <size>0x131</size>
         <input_file_ref idref="fl-e"/>
      </object_component>
      <object_component id="oc-254">
         <name>.debug_info</name>
         <load_address>0x7833</load_address>
         <run_address>0x7833</run_address>
         <size>0x2c0</size>
         <input_file_ref idref="fl-f"/>
      </object_component>
      <object_component id="oc-1a6">
         <name>.debug_info</name>
         <load_address>0x7af3</load_address>
         <run_address>0x7af3</run_address>
         <size>0x11c</size>
         <input_file_ref idref="fl-f"/>
      </object_component>
      <object_component id="oc-f1">
         <name>.debug_info</name>
         <load_address>0x7c0f</load_address>
         <run_address>0x7c0f</run_address>
         <size>0x14c</size>
         <input_file_ref idref="fl-f"/>
      </object_component>
      <object_component id="oc-224">
         <name>.debug_info</name>
         <load_address>0x7d5b</load_address>
         <run_address>0x7d5b</run_address>
         <size>0xda</size>
         <input_file_ref idref="fl-11"/>
      </object_component>
      <object_component id="oc-13a">
         <name>.debug_info</name>
         <load_address>0x7e35</load_address>
         <run_address>0x7e35</run_address>
         <size>0x19f</size>
         <input_file_ref idref="fl-11"/>
      </object_component>
      <object_component id="oc-195">
         <name>.debug_info</name>
         <load_address>0x7fd4</load_address>
         <run_address>0x7fd4</run_address>
         <size>0x33b</size>
         <input_file_ref idref="fl-12"/>
      </object_component>
      <object_component id="oc-229">
         <name>.debug_info</name>
         <load_address>0x830f</load_address>
         <run_address>0x830f</run_address>
         <size>0x165</size>
         <input_file_ref idref="fl-12"/>
      </object_component>
      <object_component id="oc-124">
         <name>.debug_info</name>
         <load_address>0x8474</load_address>
         <run_address>0x8474</run_address>
         <size>0x163</size>
         <input_file_ref idref="fl-12"/>
      </object_component>
      <object_component id="oc-ee">
         <name>.debug_info</name>
         <load_address>0x85d7</load_address>
         <run_address>0x85d7</run_address>
         <size>0x202</size>
         <input_file_ref idref="fl-12"/>
      </object_component>
      <object_component id="oc-189">
         <name>.debug_info</name>
         <load_address>0x87d9</load_address>
         <run_address>0x87d9</run_address>
         <size>0x3ad</size>
         <input_file_ref idref="fl-13"/>
      </object_component>
      <object_component id="oc-18e">
         <name>.debug_info</name>
         <load_address>0x8b86</load_address>
         <run_address>0x8b86</run_address>
         <size>0x17b</size>
         <input_file_ref idref="fl-13"/>
      </object_component>
      <object_component id="oc-204">
         <name>.debug_info</name>
         <load_address>0x8d01</load_address>
         <run_address>0x8d01</run_address>
         <size>0x15c</size>
         <input_file_ref idref="fl-13"/>
      </object_component>
      <object_component id="oc-11e">
         <name>.debug_info</name>
         <load_address>0x8e5d</load_address>
         <run_address>0x8e5d</run_address>
         <size>0x190</size>
         <input_file_ref idref="fl-13"/>
      </object_component>
      <object_component id="oc-e6">
         <name>.debug_info</name>
         <load_address>0x8fed</load_address>
         <run_address>0x8fed</run_address>
         <size>0x279</size>
         <input_file_ref idref="fl-13"/>
      </object_component>
      <object_component id="oc-25">
         <name>.debug_info</name>
         <load_address>0x9266</load_address>
         <run_address>0x9266</run_address>
         <size>0x160</size>
         <input_file_ref idref="fl-ce"/>
      </object_component>
      <object_component id="oc-b0">
         <name>.debug_info</name>
         <load_address>0x93c6</load_address>
         <run_address>0x93c6</run_address>
         <size>0x293</size>
         <input_file_ref idref="fl-cf"/>
      </object_component>
      <object_component id="oc-13">
         <name>.debug_info</name>
         <load_address>0x9659</load_address>
         <run_address>0x9659</run_address>
         <size>0x245</size>
         <input_file_ref idref="fl-cf"/>
      </object_component>
      <object_component id="oc-53">
         <name>.debug_info</name>
         <load_address>0x989e</load_address>
         <run_address>0x989e</run_address>
         <size>0x60</size>
         <input_file_ref idref="fl-cf"/>
      </object_component>
      <object_component id="oc-ab">
         <name>.debug_info</name>
         <load_address>0x98fe</load_address>
         <run_address>0x98fe</run_address>
         <size>0x46</size>
         <input_file_ref idref="fl-cf"/>
      </object_component>
      <object_component id="oc-68">
         <name>.debug_info</name>
         <load_address>0x9944</load_address>
         <run_address>0x9944</run_address>
         <size>0x2da</size>
         <input_file_ref idref="fl-d0"/>
      </object_component>
      <object_component id="oc-1a">
         <name>.debug_info</name>
         <load_address>0x9c1e</load_address>
         <run_address>0x9c1e</run_address>
         <size>0x1df</size>
         <input_file_ref idref="fl-d0"/>
      </object_component>
      <object_component id="oc-63">
         <name>.debug_info</name>
         <load_address>0x9dfd</load_address>
         <run_address>0x9dfd</run_address>
         <size>0x46</size>
         <input_file_ref idref="fl-d0"/>
      </object_component>
      <object_component id="oc-b2">
         <name>.debug_info</name>
         <load_address>0x9e43</load_address>
         <run_address>0x9e43</run_address>
         <size>0x2c</size>
         <input_file_ref idref="fl-d0"/>
      </object_component>
      <object_component id="oc-74">
         <name>.debug_info</name>
         <load_address>0x9e6f</load_address>
         <run_address>0x9e6f</run_address>
         <size>0x2c9</size>
         <input_file_ref idref="fl-d1"/>
      </object_component>
      <object_component id="oc-21">
         <name>.debug_info</name>
         <load_address>0xa138</load_address>
         <run_address>0xa138</run_address>
         <size>0x1aa</size>
         <input_file_ref idref="fl-d1"/>
      </object_component>
      <object_component id="oc-6f">
         <name>.debug_info</name>
         <load_address>0xa2e2</load_address>
         <run_address>0xa2e2</run_address>
         <size>0x46</size>
         <input_file_ref idref="fl-d1"/>
      </object_component>
      <object_component id="oc-e0">
         <name>.debug_info</name>
         <load_address>0xa328</load_address>
         <run_address>0xa328</run_address>
         <size>0x3ce</size>
         <input_file_ref idref="fl-d2"/>
      </object_component>
      <object_component id="oc-da">
         <name>.debug_info</name>
         <load_address>0xa6f6</load_address>
         <run_address>0xa6f6</run_address>
         <size>0x185</size>
         <input_file_ref idref="fl-d2"/>
      </object_component>
      <object_component id="oc-8e">
         <name>.debug_info</name>
         <load_address>0xa87b</load_address>
         <run_address>0xa87b</run_address>
         <size>0x214</size>
         <input_file_ref idref="fl-d2"/>
      </object_component>
      <object_component id="oc-2e9">
         <name>.debug_info</name>
         <load_address>0xaa8f</load_address>
         <run_address>0xaa8f</run_address>
         <size>0x132</size>
         <input_file_ref idref="fl-d3"/>
      </object_component>
      <object_component id="oc-2ec">
         <name>.debug_info</name>
         <load_address>0xabc1</load_address>
         <run_address>0xabc1</run_address>
         <size>0x131</size>
         <input_file_ref idref="fl-d4"/>
      </object_component>
      <object_component id="oc-60">
         <name>.debug_info</name>
         <load_address>0xacf2</load_address>
         <run_address>0xacf2</run_address>
         <size>0x111</size>
         <input_file_ref idref="fl-d5"/>
      </object_component>
      <object_component id="oc-6a">
         <name>.debug_info</name>
         <load_address>0xae03</load_address>
         <run_address>0xae03</run_address>
         <size>0x13f</size>
         <input_file_ref idref="fl-d6"/>
      </object_component>
      <object_component id="oc-76">
         <name>.debug_info</name>
         <load_address>0xaf42</load_address>
         <run_address>0xaf42</run_address>
         <size>0x138</size>
         <input_file_ref idref="fl-d7"/>
      </object_component>
      <object_component id="oc-7c">
         <name>.debug_info</name>
         <load_address>0xb07a</load_address>
         <run_address>0xb07a</run_address>
         <size>0x148</size>
         <input_file_ref idref="fl-d8"/>
      </object_component>
      <object_component id="oc-94">
         <name>.debug_info</name>
         <load_address>0xb1c2</load_address>
         <run_address>0xb1c2</run_address>
         <size>0x109</size>
         <input_file_ref idref="fl-d9"/>
      </object_component>
      <object_component id="oc-25d">
         <name>.debug_info</name>
         <load_address>0xb2cb</load_address>
         <run_address>0xb2cb</run_address>
         <size>0x13a</size>
         <input_file_ref idref="fl-da"/>
      </object_component>
      <object_component id="oc-2e2">
         <name>.debug_info</name>
         <load_address>0xb405</load_address>
         <run_address>0xb405</run_address>
         <size>0x126</size>
         <input_file_ref idref="fl-db"/>
      </object_component>
      <object_component id="oc-164">
         <name>.debug_info</name>
         <load_address>0xb52b</load_address>
         <run_address>0xb52b</run_address>
         <size>0x2be</size>
         <input_file_ref idref="fl-dc"/>
      </object_component>
      <object_component id="oc-dd">
         <name>.debug_info</name>
         <load_address>0xb7e9</load_address>
         <run_address>0xb7e9</run_address>
         <size>0x113</size>
         <input_file_ref idref="fl-dc"/>
      </object_component>
      <object_component id="oc-15e">
         <name>.debug_info</name>
         <load_address>0xb8fc</load_address>
         <run_address>0xb8fc</run_address>
         <size>0x21f</size>
         <input_file_ref idref="fl-dc"/>
      </object_component>
      <object_component id="oc-d8">
         <name>.debug_info</name>
         <load_address>0xbb1b</load_address>
         <run_address>0xbb1b</run_address>
         <size>0x300</size>
         <input_file_ref idref="fl-dd"/>
      </object_component>
      <object_component id="oc-8a">
         <name>.debug_info</name>
         <load_address>0xbe1b</load_address>
         <run_address>0xbe1b</run_address>
         <size>0x167</size>
         <input_file_ref idref="fl-dd"/>
      </object_component>
      <object_component id="oc-155">
         <name>.debug_info</name>
         <load_address>0xbf82</load_address>
         <run_address>0xbf82</run_address>
         <size>0x5e</size>
         <input_file_ref idref="fl-dd"/>
      </object_component>
      <object_component id="oc-d0">
         <name>.debug_info</name>
         <load_address>0xbfe0</load_address>
         <run_address>0xbfe0</run_address>
         <size>0x483</size>
         <input_file_ref idref="fl-de"/>
      </object_component>
      <object_component id="oc-82">
         <name>.debug_info</name>
         <load_address>0xc463</load_address>
         <run_address>0xc463</run_address>
         <size>0x190</size>
         <input_file_ref idref="fl-de"/>
      </object_component>
      <object_component id="oc-106">
         <name>.debug_info</name>
         <load_address>0xc5f3</load_address>
         <run_address>0xc5f3</run_address>
         <size>0x39</size>
         <input_file_ref idref="fl-de"/>
      </object_component>
      <object_component id="oc-1c0">
         <name>.debug_info</name>
         <load_address>0xc62c</load_address>
         <run_address>0xc62c</run_address>
         <size>0x39</size>
         <input_file_ref idref="fl-de"/>
      </object_component>
      <object_component id="oc-10b">
         <name>.debug_info</name>
         <load_address>0xc665</load_address>
         <run_address>0xc665</run_address>
         <size>0xcd</size>
         <input_file_ref idref="fl-de"/>
      </object_component>
      <object_component id="oc-102">
         <name>.debug_info</name>
         <load_address>0xc732</load_address>
         <run_address>0xc732</run_address>
         <size>0x37a</size>
         <input_file_ref idref="fl-df"/>
      </object_component>
      <object_component id="oc-c4">
         <name>.debug_info</name>
         <load_address>0xcaac</load_address>
         <run_address>0xcaac</run_address>
         <size>0x183</size>
         <input_file_ref idref="fl-df"/>
      </object_component>
      <object_component id="oc-1bb">
         <name>.debug_info</name>
         <load_address>0xcc2f</load_address>
         <run_address>0xcc2f</run_address>
         <size>0x2c</size>
         <input_file_ref idref="fl-df"/>
      </object_component>
      <object_component id="oc-306">
         <name>.debug_info</name>
         <load_address>0xcc5b</load_address>
         <run_address>0xcc5b</run_address>
         <size>0x147</size>
         <input_file_ref idref="fl-e0"/>
      </object_component>
      <object_component id="oc-ca">
         <name>.debug_info</name>
         <load_address>0xcda2</load_address>
         <run_address>0xcda2</run_address>
         <size>0x145</size>
         <input_file_ref idref="fl-e1"/>
      </object_component>
      <object_component id="oc-324">
         <name>.debug_info</name>
         <load_address>0xcee7</load_address>
         <run_address>0xcee7</run_address>
         <size>0x240</size>
         <input_file_ref idref="fl-e3"/>
      </object_component>
      <object_component id="oc-37d">
         <name>.debug_info</name>
         <load_address>0xd127</load_address>
         <run_address>0xd127</run_address>
         <size>0x167</size>
         <input_file_ref idref="fl-e3"/>
      </object_component>
      <object_component id="oc-380">
         <name>.debug_info</name>
         <load_address>0xd28e</load_address>
         <run_address>0xd28e</run_address>
         <size>0x169</size>
         <input_file_ref idref="fl-e3"/>
      </object_component>
      <object_component id="oc-321">
         <name>.debug_info</name>
         <load_address>0xd3f7</load_address>
         <run_address>0xd3f7</run_address>
         <size>0x15b</size>
         <input_file_ref idref="fl-e3"/>
      </object_component>
      <object_component id="oc-326">
         <name>.debug_info</name>
         <load_address>0xd552</load_address>
         <run_address>0xd552</run_address>
         <size>0x2b3</size>
         <input_file_ref idref="fl-e3"/>
      </object_component>
      <object_component id="oc-296">
         <name>.debug_info</name>
         <load_address>0xd805</load_address>
         <run_address>0xd805</run_address>
         <size>0x316</size>
         <input_file_ref idref="fl-e3"/>
      </object_component>
      <object_component id="oc-290">
         <name>.debug_info</name>
         <load_address>0xdb1b</load_address>
         <run_address>0xdb1b</run_address>
         <size>0x279</size>
         <input_file_ref idref="fl-e3"/>
      </object_component>
      <object_component id="oc-28c">
         <name>.debug_info</name>
         <load_address>0xdd94</load_address>
         <run_address>0xdd94</run_address>
         <size>0x280</size>
         <input_file_ref idref="fl-e3"/>
      </object_component>
      <object_component id="oc-336">
         <name>.debug_info</name>
         <load_address>0xe014</load_address>
         <run_address>0xe014</run_address>
         <size>0x298</size>
         <input_file_ref idref="fl-e3"/>
      </object_component>
      <object_component id="oc-2c4">
         <name>.debug_info</name>
         <load_address>0xe2ac</load_address>
         <run_address>0xe2ac</run_address>
         <size>0x2cf</size>
         <input_file_ref idref="fl-e3"/>
      </object_component>
      <object_component id="oc-2be">
         <name>.debug_info</name>
         <load_address>0xe57b</load_address>
         <run_address>0xe57b</run_address>
         <size>0x28f</size>
         <input_file_ref idref="fl-e3"/>
      </object_component>
      <object_component id="oc-34a">
         <name>.debug_info</name>
         <load_address>0xe80a</load_address>
         <run_address>0xe80a</run_address>
         <size>0x28d</size>
         <input_file_ref idref="fl-e3"/>
      </object_component>
      <object_component id="oc-387">
         <name>.debug_info</name>
         <load_address>0xea97</load_address>
         <run_address>0xea97</run_address>
         <size>0x20e</size>
         <input_file_ref idref="fl-e4"/>
      </object_component>
      <object_component id="oc-389">
         <name>.debug_info</name>
[...]
         <object_component_ref idref="oc-14f"/>
      </symbol>
      <symbol id="sm-a3">
         <name>SysTickIntHandler</name>
         <value>0x2379</value>
         <object_component_ref idref="oc-43"/>
      </symbol>
      <symbol id="sm-a4">
         <name>on_sys_period</name>
         <value>0x1ad1</value>
         <object_component_ref idref="oc-9b"/>
      </symbol>
      <symbol id="sm-a5">
         <name>_testi</name>
         <value>0x200004dc</value>
         <object_component_ref idref="oc-fc"/>
      </symbol>
      <symbol id="sm-a6">
         <name>_tick_second</name>
         <value>0x200004e4</value>
         <object_component_ref idref="oc-fc"/>
      </symbol>
      <symbol id="sm-a7">
         <name>_tick</name>
         <value>0x200004e0</value>
         <object_component_ref idref="oc-fc"/>
      </symbol>
      <symbol id="sm-d8">
         <name>ResetISR</name>
         <value>0x2387</value>
         <object_component_ref idref="oc-2b"/>
      </symbol>
      <symbol id="sm-d9">
         <name>g_pfnVectors</name>
         <value>0x0</value>
         <object_component_ref idref="oc-f"/>
      </symbol>
      <symbol id="sm-133">
         <name>SysCtlPeripheralEnable</name>
         <value>0x1f09</value>
         <object_component_ref idref="oc-27c"/>
      </symbol>
      <symbol id="sm-134">
         <name>SysCtlClockGet</name>
         <value>0xbbd</value>
         <object_component_ref idref="oc-26f"/>
      </symbol>
      <symbol id="sm-135">
         <name>SysCtlPeripheralReady</name>
         <value>0x1e3d</value>
         <object_component_ref idref="oc-283"/>
      </symbol>
      <symbol id="sm-1b7">
         <name>UARTStdioConfig</name>
         <value>0x1769</value>
         <object_component_ref idref="oc-275"/>
      </symbol>
      <symbol id="sm-1b8">
         <name>UARTwrite</name>
         <value>0x1b31</value>
         <object_component_ref idref="oc-255"/>
      </symbol>
      <symbol id="sm-1b9">
         <name>UARTprintf</name>
         <value>0x21b5</value>
         <object_component_ref idref="oc-f6"/>
      </symbol>
      <symbol id="sm-1ba">
         <name>UARTvprintf</name>
         <value>0x26d</value>
         <object_component_ref idref="oc-1a9"/>
      </symbol>
      <symbol id="sm-1e8">
         <name>g_sCAN0RxMessage</name>
         <value>0x200004b0</value>
      </symbol>
      <symbol id="sm-1e9">
         <name>can_start_listening</name>
         <value>0x1df5</value>
         <object_component_ref idref="oc-1ed"/>
      </symbol>
      <symbol id="sm-1ea">
         <name>can_init</name>
         <value>0x1249</value>
         <object_component_ref idref="oc-1cb"/>
      </symbol>
      <symbol id="sm-1fb">
         <name>delay_ms</name>
         <value>0x2039</value>
         <object_component_ref idref="oc-148"/>
      </symbol>
      <symbol id="sm-252">
         <name>driver_start_tick</name>
         <value>0x2271</value>
         <object_component_ref idref="oc-12f"/>
      </symbol>
      <symbol id="sm-253">
         <name>driver_get_address</name>
         <value>0x2341</value>
         <object_component_ref idref="oc-128"/>
      </symbol>
      <symbol id="sm-254">
         <name>ConfigureUART</name>
         <value>0x16f5</value>
         <object_component_ref idref="oc-1c5"/>
      </symbol>
      <symbol id="sm-255">
         <name>_address</name>
         <value>0x2000050c</value>
         <object_component_ref idref="oc-1e9"/>
      </symbol>
      <symbol id="sm-256">
         <name>driver_init_hardware</name>
         <value>0x9e5</value>
         <object_component_ref idref="oc-110"/>
      </symbol>
      <symbol id="sm-257">
         <name>driver_init_system</name>
         <value>0x221d</value>
         <object_component_ref idref="oc-116"/>
      </symbol>
      <symbol id="sm-2b8">
         <name>drv8308_set_dir</name>
         <value>0x2115</value>
         <object_component_ref idref="oc-176"/>
      </symbol>
      <symbol id="sm-2b9">
         <name>WriteDrv</name>
         <value>0x144d</value>
         <object_component_ref idref="oc-2ce"/>
      </symbol>
      <symbol id="sm-2ba">
         <name>drv8308_set_brake</name>
         <value>0x20ed</value>
         <object_component_ref idref="oc-17c"/>
      </symbol>
      <symbol id="sm-2bb">
         <name>PWM1IntHandler</name>
         <value>0x223b</value>
         <object_component_ref idref="oc-49"/>
      </symbol>
      <symbol id="sm-2bc">
         <name>drv8308_init</name>
         <value>0x579</value>
         <object_component_ref idref="oc-1e3"/>
      </symbol>
      <symbol id="sm-2bd">
         <name>drv8308_set_pwm</name>
         <value>0x213d</value>
         <object_component_ref idref="oc-182"/>
      </symbol>
      <symbol id="sm-2be">
         <name>drv8308_enable</name>
         <value>0x20c5</value>
         <object_component_ref idref="oc-1fa"/>
      </symbol>
      <symbol id="sm-2fd">
         <name>_encoder_dir</name>
         <value>0x20000510</value>
         <object_component_ref idref="oc-236"/>
      </symbol>
      <symbol id="sm-2fe">
         <name>encoder_get_value</name>
         <value>0x2165</value>
         <object_component_ref idref="oc-168"/>
      </symbol>
      <symbol id="sm-2ff">
         <name>encoder_get_speed</name>
         <value>0x21d9</value>
         <object_component_ref idref="oc-16f"/>
      </symbol>
      <symbol id="sm-300">
         <name>encoder_init</name>
         <value>0x1315</value>
         <object_component_ref idref="oc-1d1"/>
      </symbol>
      <symbol id="sm-301">
         <name>encoder_reset</name>
         <value>0x223d</value>
         <object_component_ref idref="oc-1f3"/>
      </symbol>
      <symbol id="sm-330">
         <name>lights_turn_led_red</name>
         <value>0x218d</value>
         <object_component_ref idref="oc-199"/>
      </symbol>
      <symbol id="sm-331">
         <name>lights_turn_rgb</name>
         <value>0x14e5</value>
         <object_component_ref idref="oc-19f"/>
      </symbol>
      <symbol id="sm-332">
         <name>lights_init</name>
         <value>0x1c85</value>
         <object_component_ref idref="oc-1dd"/>
      </symbol>
      <symbol id="sm-392">
         <name>Captureinit</name>
         <value>0x1d1d</value>
         <object_component_ref idref="oc-2b4"/>
      </symbol>
      <symbol id="sm-393">
         <name>temp</name>
         <value>0x26d0</value>
         <object_component_ref idref="oc-2f0"/>
      </symbol>
      <symbol id="sm-394">
         <name>sonar_get_dis</name>
         <value>0x1fc9</value>
         <object_component_ref idref="oc-21c"/>
      </symbol>
      <symbol id="sm-395">
         <name>sonar_init</name>
         <value>0x1575</value>
         <object_component_ref idref="oc-1d7"/>
      </symbol>
      <symbol id="sm-396">
         <name>sonar_send_pulse</name>
         <value>0x1f89</value>
         <object_component_ref idref="oc-216"/>
      </symbol>
      <symbol id="sm-397">
         <name>sonar_get_echo_wait</name>
         <value>0x234d</value>
         <object_component_ref idref="oc-20f"/>
      </symbol>
      <symbol id="sm-398">
         <name>pulse</name>
         <value>0x200004f8</value>
         <object_component_ref idref="oc-2dd"/>
      </symbol>
      <symbol id="sm-399">
         <name>inputInt</name>
         <value>0x15fd</value>
         <object_component_ref idref="oc-2c6"/>
      </symbol>
      <symbol id="sm-39a">
         <name>echowait</name>
         <value>0x200004fc</value>
         <object_component_ref idref="oc-2dd"/>
      </symbol>
      <symbol id="sm-3b6">
         <name>_led_red</name>
         <value>0x200004d0</value>
         <object_component_ref idref="oc-1a5"/>
      </symbol>
      <symbol id="sm-3b7">
         <name>_rgb</name>
         <value>0x200004d4</value>
         <object_component_ref idref="oc-1a5"/>
      </symbol>
      <symbol id="sm-3b8">
         <name>blinky_thread</name>
         <value>0x1dad</value>
         <object_component_ref idref="oc-f0"/>
      </symbol>
      <symbol id="sm-3b9">
         <name>_is_read_dis</name>
         <value>0x200004d8</value>
         <object_component_ref idref="oc-1a5"/>
      </symbol>
      <symbol id="sm-3cf">
         <name>cur_dis</name>
         <value>0x20000508</value>
         <object_component_ref idref="oc-223"/>
      </symbol>
      <symbol id="sm-3d0">
         <name>distance_thread</name>
         <value>0x206d</value>
         <object_component_ref idref="oc-136"/>
      </symbol>
      <symbol id="sm-417">
         <name>pos_state</name>
         <value>0x2000046c</value>
      </symbol>
      <symbol id="sm-418">
         <name>pos_controller_init</name>
         <value>0x1931</value>
         <object_component_ref idref="oc-122"/>
      </symbol>
      <symbol id="sm-419">
         <name>pos_controller_period</name>
         <value>0x7f5</value>
         <object_component_ref idref="oc-ea"/>
      </symbol>
      <symbol id="sm-41a">
         <name>pos_controller_set_pos</name>
         <value>0x22a1</value>
         <object_component_ref idref="oc-227"/>
      </symbol>
      <symbol id="sm-46c">
         <name>pid_state</name>
         <value>0x20000490</value>
      </symbol>
      <symbol id="sm-46d">
         <name>speed_controller_set_speed</name>
         <value>0x1c35</value>
         <object_component_ref idref="oc-18d"/>
      </symbol>
      <symbol id="sm-46e">
         <name>speed_controller_period</name>
         <value>0xd8d</value>
         <object_component_ref idref="oc-e4"/>
      </symbol>
      <symbol id="sm-46f">
         <name>speed_controller_get_encoder</name>
         <value>0x2359</value>
         <object_component_ref idref="oc-202"/>
      </symbol>
      <symbol id="sm-470">
         <name>speed_controller_init</name>
         <value>0x1a6d</value>
         <object_component_ref idref="oc-11c"/>
      </symbol>
      <symbol id="sm-481">
         <name>_c_int00</name>
         <value>0x1b8d</value>
         <object_component_ref idref="oc-24"/>
      </symbol>
      <symbol id="sm-482">
         <name>__stack</name>
         <value>0x2000026c</value>
         <object_component_ref idref="oc-2a"/>
      </symbol>
      <symbol id="sm-4a0">
         <name>__TI_decompress_lzss</name>
         <value>0x1a05</value>
         <object_component_ref idref="oc-12"/>
      </symbol>
      <symbol id="sm-4b7">
         <name>__TI_decompress_none</name>
         <value>0x2319</value>
         <object_component_ref idref="oc-18"/>
      </symbol>
      <symbol id="sm-4c9">
         <name>__TI_zero_init</name>
         <value>0x2333</value>
         <object_component_ref idref="oc-1e"/>
      </symbol>
      <symbol id="sm-4ea">
         <name>C$$EXIT</name>
         <value>0x1be1</value>
         <object_component_ref idref="oc-8d"/>
      </symbol>
      <symbol id="sm-4eb">
         <name>abort</name>
         <value>0x1be5</value>
         <object_component_ref idref="oc-8d"/>
      </symbol>
      <symbol id="sm-4ec">
         <name>exit</name>
         <value>0x1bed</value>
         <object_component_ref idref="oc-8d"/>
      </symbol>
      <symbol id="sm-4ed">
         <name>__TI_dtors_ptr</name>
         <value>0x200004c8</value>
         <object_component_ref idref="oc-d9"/>
      </symbol>
      <symbol id="sm-4ee">
         <name>__TI_cleanup_ptr</name>
         <value>0x200004c4</value>
         <object_component_ref idref="oc-d9"/>
      </symbol>
      <symbol id="sm-4ef">
         <name>__TI_enable_exit_profile_output</name>
         <value>0x200004cc</value>
         <object_component_ref idref="oc-d9"/>
      </symbol>
      <symbol id="sm-4fa">
         <name>__aeabi_dmul</name>
         <value>0x114d</value>
         <object_component_ref idref="oc-2e6"/>
      </symbol>
      <symbol id="sm-504">
         <name>__aeabi_d2uiz</name>
         <value>0x1ec5</value>
         <object_component_ref idref="oc-2eb"/>
      </symbol>
      <symbol id="sm-51f">
         <name>memcpy</name>
         <value>0x13b1</value>
         <object_component_ref idref="oc-5d"/>
      </symbol>
      <symbol id="sm-520">
         <name>__aeabi_memcpy</name>
         <value>0x13b1</value>
         <object_component_ref idref="oc-5d"/>
      </symbol>
      <symbol id="sm-521">
         <name>__aeabi_memcpy8</name>
         <value>0x13b1</value>
         <object_component_ref idref="oc-5d"/>
      </symbol>
      <symbol id="sm-522">
         <name>__aeabi_memcpy4</name>
         <value>0x13b1</value>
         <object_component_ref idref="oc-5d"/>
      </symbol>
      <symbol id="sm-531">
         <name>__aeabi_memset</name>
         <value>0x167b</value>
         <object_component_ref idref="oc-69"/>
      </symbol>
      <symbol id="sm-532">
         <name>memset</name>
         <value>0x1681</value>
         <object_component_ref idref="oc-69"/>
      </symbol>
      <symbol id="sm-533">
         <name>__aeabi_memset8</name>
         <value>0x167b</value>
         <object_component_ref idref="oc-69"/>
      </symbol>
      <symbol id="sm-534">
         <name>__aeabi_memset4</name>
         <value>0x167b</value>
         <object_component_ref idref="oc-69"/>
      </symbol>
      <symbol id="sm-535">
         <name>__aeabi_memclr8</name>
         <value>0x1679</value>
         <object_component_ref idref="oc-69"/>
      </symbol>
      <symbol id="sm-536">
         <name>__aeabi_memclr4</name>
         <value>0x1679</value>
         <object_component_ref idref="oc-69"/>
      </symbol>
      <symbol id="sm-537">
         <name>__aeabi_memclr</name>
         <value>0x1679</value>
         <object_component_ref idref="oc-69"/>
      </symbol>
      <symbol id="sm-541">
         <name>__mpu_init</name>
         <value>0x2397</value>
         <object_component_ref idref="oc-75"/>
      </symbol>
      <symbol id="sm-54b">
         <name>_system_pre_init</name>
         <value>0x2393</value>
         <object_component_ref idref="oc-7b"/>
      </symbol>
      <symbol id="sm-553">
         <name>main_func_sp</name>
         <value>0x20000518</value>
         <object_component_ref idref="oc-93"/>
      </symbol>
      <symbol id="sm-562">
         <name>__aeabi_uidivmod</name>
         <value>0x1f49</value>
         <object_component_ref idref="oc-25b"/>
      </symbol>
      <symbol id="sm-563">
         <name>__aeabi_uidiv</name>
         <value>0x1f49</value>
         <object_component_ref idref="oc-25b"/>
      </symbol>
      <symbol id="sm-56d">
         <name>__aeabi_ui2d</name>
         <value>0x21fd</value>
         <object_component_ref idref="oc-2e1"/>
      </symbol>
      <symbol id="sm-586">
         <name>_nop</name>
         <value>0x22c3</value>
         <object_component_ref idref="oc-15c"/>
      </symbol>
      <symbol id="sm-587">
         <name>_lock</name>
         <value>0x200004e8</value>
         <object_component_ref idref="oc-dc"/>
      </symbol>
      <symbol id="sm-588">
         <name>_unlock</name>
         <value>0x200004ec</value>
         <object_component_ref idref="oc-dc"/>
      </symbol>
      <symbol id="sm-589">
         <name>_register_lock</name>
         <value>0x22bb</value>
         <object_component_ref idref="oc-15c"/>
      </symbol>
      <symbol id="sm-58a">
         <name>_register_unlock</name>
         <value>0x22b5</value>
         <object_component_ref idref="oc-15c"/>
      </symbol>
      <symbol id="sm-59e">
         <name>_args_main</name>
         <value>0x2289</value>
         <object_component_ref idref="oc-87"/>
      </symbol>
      <symbol id="sm-5c8">
         <name>__TI_auto_init</name>
         <value>0x1851</value>
         <object_component_ref idref="oc-81"/>
      </symbol>
      <symbol id="sm-5e2">
         <name>copy_in</name>
         <value>0x1cd1</value>
         <object_component_ref idref="oc-c3"/>
      </symbol>
      <symbol id="sm-5ec">
         <name>__aeabi_idiv0</name>
         <value>0x233f</value>
         <object_component_ref idref="oc-305"/>
      </symbol>
      <symbol id="sm-5f6">
         <name>_system_post_cinit</name>
         <value>0x2399</value>
         <object_component_ref idref="oc-c9"/>
      </symbol>
      <symbol id="sm-660">
         <name>GPIOIntRegister</name>
         <value>0x2259</value>
         <object_component_ref idref="oc-2c0"/>
      </symbol>
      <symbol id="sm-661">
         <name>GPIOPinConfigure</name>
         <value>0x1d65</value>
         <object_component_ref idref="oc-289"/>
      </symbol>
      <symbol id="sm-662">
         <name>GPIOIntEnable</name>
         <value>0x2327</value>
         <object_component_ref idref="oc-2ba"/>
      </symbol>
      <symbol id="sm-663">
         <name>GPIOIntClear</name>
         <value>0x2381</value>
         <object_component_ref idref="oc-346"/>
      </symbol>
      <symbol id="sm-664">
         <name>GPIODirModeSet</name>
         <value>0x2099</value>
         <object_component_ref idref="oc-325"/>
      </symbol>
      <symbol id="sm-665">
         <name>GPIOPinTypeQEI</name>
         <value>0x22c9</value>
         <object_component_ref idref="oc-28f"/>
      </symbol>
      <symbol id="sm-666">
         <name>GPIOPadConfigSet</name>
         <value>0xf09</value>
         <object_component_ref idref="oc-295"/>
      </symbol>
      <symbol id="sm-69f">
         <name>IntEnable</name>
         <value>0x199d</value>
         <object_component_ref idref="oc-33f"/>
      </symbol>
      <symbol id="sm-6a0">
         <name>IntRegister</name>
         <value>0x2005</value>
         <object_component_ref idref="oc-339"/>
      </symbol>
      <symbol id="sm-6a1">
         <name>g_pfnRAMVectors</name>
         <value>0x20000000</value>
         <object_component_ref idref="oc-383"/>
      </symbol>
      <symbol id="sm-6ce">
         <name>QEIDirectionGet</name>
         <value>0x230b</value>
         <object_component_ref idref="oc-239"/>
      </symbol>
      <symbol id="sm-6cf">
         <name>QEIVelocityConfigure</name>
         <value>0x22ed</value>
         <object_component_ref idref="oc-2a1"/>
      </symbol>
      <symbol id="sm-6d0">
         <name>QEIEnable</name>
         <value>0x2365</value>
         <object_component_ref idref="oc-2ad"/>
      </symbol>
      <symbol id="sm-6d1">
         <name>QEIVelocityEnable</name>
         <value>0x236f</value>
         <object_component_ref idref="oc-2a7"/>
      </symbol>
      <symbol id="sm-6d2">
         <name>QEIConfigure</name>
         <value>0x22fd</value>
         <object_component_ref idref="oc-29b"/>
      </symbol>
      <symbol id="sm-6e0">
         <name>SSIAdvDataPutFrameEnd</name>
         <value>0x22db</value>
         <object_component_ref idref="oc-34d"/>
      </symbol>
      <symbol id="sm-6ed">
         <name>UARTClockSourceSet</name>
         <value>0x238d</value>
         <object_component_ref idref="oc-269"/>
      </symbol>
      <symbol id="sm-6ee">
         <name>__TI_static_base__</name>
         <value>0x0</value>
      </symbol>
      <symbol id="sm-6f1">
         <name>SHT$$INIT_ARRAY$$Limit</name>
         <value>0x0</value>
      </symbol>
      <symbol id="sm-6f2">
         <name>SHT$$INIT_ARRAY$$Base</name>
         <value>0x0</value>
      </symbol>
   </symbol_table>
   <title>Link successful</title>
</link_info>
